Microchip MPLAB XC8 Compiler V3.00

Linker command line:

-W-3 \
  --edf=C:\Program Files\Microchip\xc8\v3.00\pic\dat\20241204225717_en.msgs \
  -cn -h+dist/default/debug\iot_4.X.debug.sym \
  --cmf=dist/default/debug\iot_4.X.debug.cmf -z -Q18LF26K40 \
  -oC:\Users\pedro\AppData\Local\Temp\xcAskc8.\driver_tmp_3.o \
  --defsym=__MPLAB_BUILD=1 --fixupoverflow=error \
  -Mdist/default/debug/iot_4.X.debug.map \
  --md=C:\Users\pedro\AppData\Local\Temp\xcAskc8.\driver_tmp_0.dat -E1 \
  -ver=XC8 Compiler -ACODE=00h-0FFFFh -ACONST=00h-0FFFFh \
  -ASMALLCONST=0F00h-0FFFhx241 -AMEDIUMCONST=0F00h-0FFFFh -ACOMRAM=01h-05Fh \
  -AABS1=00h-0E87h -ABIGRAM=01h-0E87h \
  -ARAM=060h-0FFh,0100h-01FFhx13,0E00h-0E87h -ABANK0=060h-0FFh \
  -ABANK1=0100h-01FFh -ABANK2=0200h-02FFh -ABANK3=0300h-03FFh \
  -ABANK4=0400h-04FFh -ABANK5=0500h-05FFh -ABANK6=0600h-06FFh \
  -ABANK7=0700h-07FFh -ABANK8=0800h-08FFh -ABANK9=0900h-09FFh \
  -ABANK10=0A00h-0AFFh -ABANK11=0B00h-0BFFh -ABANK12=0C00h-0CFFh \
  -ABANK13=0D00h-0DFFh -ABANK14=0E00h-0E87h \
  -ASFR=0E8Dh-0EFFh,0F00h-0F5Fh,0F60h-0FFFh -ABIGSFR=0E8Dh-0FFFh \
  -ACONFIG=0300000h-030000Bh -AIDLOC=0200000h-020000Fh \
  -AEEDATA=0310000h-03103FFh -peeprom_data=EEDATA \
  -preset_vec=00h,intcode=8h,intcodelo=18h,sivt_lo,sivt_hi=CODE \
  -ppowerup=CODE,init -pramtop=0F00h -psmallconst=SMALLCONST \
  -pmediumconst=MEDIUMCONST -pconst=CONST -AFARRAM=00h-00h \
  -prdata=COMRAM,nvrram=COMRAM,nvbit=COMRAM,rbss=COMRAM,rbit=COMRAM \
  -pfarbss=FARRAM,fardata=FARRAM,nvFARRAM=FARRAM \
  -pintsave_regs=BIGRAM,bigbss=BIGRAM,bigdata=BIGRAM -pbss=RAM \
  -pidata=CODE,irdata=CODE,ibigdata=CODE,ifardata=CODE -prparam=COMRAM \
  C:\Users\pedro\AppData\Local\Temp\xcAskc8.\driver_tmp_14.o \
  dist/default/debug\iot_4.X.debug.o 

Object code version is 3.11

Machine type is 18LF26K40



                Name                               Link     Load   Length Selector   Space Scale
C:\Users\pedro\AppData\Local\Temp\xcAskc8.\driver_tmp_14.o
                config                           300000   300000        C        0       4
                init                                 D6       D6        4        4       0
                reset_vec                             0        0        6        0       0
dist/default/debug\iot_4.X.debug.o
                intcode                               8        8       CE        4       0
                config                           300000   300000        C        0       4
                temp                                 54       54        1        1       1
                mediumconst                        FD4E     FD4E      2B2     7EA7       0
                text95                             1256     1256      10A        4       0
                text94                             154E     154E       EA        4       0
                text93                             2598     2598       34        4       0
                text92                             2946     2946       18        4       0
                text91                             2A42     2A42        A        4       0
                text90                             17AE     17AE       BA        4       0
                text89                             2474     2474       40        4       0
                text88                             1F98     1F98       66        4       0
                text87                              C66      C66      1A2        4       0
                text86                             191A     191A       B0        4       0
                text85                             1360     1360      102        4       0
                text84                             1B16     1B16       A4        4       0
                text83                             1E20     1E20       88        4       0
                text82                              F26      F26      116        4       0
                text81                              4BC      4BC      3D4        4       0
                text80                             236A     236A       44        4       0
                text79                             28F8     28F8       1C        4       0
                text78                             299A     299A       12        4       0
                text77                             2A68     2A68        2        4       0
                text76                             268A     268A       2E        4       0
                text75                             25FE     25FE       30        4       0
                text74                             29CC     29CC       10        4       0
                text73                             2A66     2A66        2        4       0
                text72                             265C     265C       2E        4       0
                text71                             275C     275C       28        4       0
                text70                             24F0     24F0       3C        4       0
                text68                             295E     295E       16        4       0
                text67                             2974     2974       14        4       0
                text66                             29EA     29EA        E        4       0
                text65                             114A     114A      10C        4       0
                text64                             1462     1462       EC        4       0
                text63                             2562     2562       36        4       0
                text62                             2914     2914       1A        4       0
                text61                             29DC     29DC        E        4       0
                text60                             1638     1638       BC        4       0
                text59                             2326     2326       44        4       0
                text58                             1F2E     1F2E       6A        4       0
                text57                              ABE      ABE      1A8        4       0
                text56                             1868     1868       B2        4       0
                text55                             103C     103C      10E        4       0
                text54                             1A70     1A70       A6        4       0
                text53                             1D96     1D96       8A        4       0
                text52                              E08      E08      11E        4       0
                text51                               DA       DA      3E2        4       0
                text50                             2298     2298       4A        4       0
                text49                             2862     2862       20        4       0
                text48                             1CFC     1CFC       9A        4       0
                text47                             262E     262E       2E        4       0
                text46                             2A38     2A38        A        4       0
                text45                             2A2E     2A2E        A        4       0
                text44                             2A24     2A24        A        4       0
                text43                             2432     2432       42        4       0
                text42                             2A62     2A62        4        4       0
                text41                             28BE     28BE       1E        4       0
                text40                             2062     2062       60        4       0
                text39                             2734     2734       28        4       0
                text38                             1EA8     1EA8       86        4       0
                text37                             25CC     25CC       32        4       0
                text36                             29BC     29BC       10        4       0
                text35                             23F0     23F0       42        4       0
                text34                             27F6     27F6       26        4       0
                text33                             23AE     23AE       42        4       0
                text32                             27D0     27D0       26        4       0
                text31                             27AA     27AA       26        4       0
                text30                             224E     224E       4A        4       0
                text29                             21B8     21B8       4C        4       0
                text28                             26E2     26E2       2A        4       0
                text27                             16F4     16F4       BA        4       0
                text26                             2A4C     2A4C        8        4       0
                text25                             24B4     24B4       3C        4       0
                text24                             292E     292E       18        4       0
                text23                             2116     2116       52        4       0
                text22                             2A04     2A04        C        4       0
                text21                             29F8     29F8        C        4       0
                text20                              890      890      22E        4       0
                text19                             1C5C     1C5C       A0        4       0
                text18                             2A54     2A54        6        4       0
                text17                             1FFE     1FFE       64        4       0
                text16                             1BBA     1BBA       A2        4       0
                text15                             28DC     28DC       1C        4       0
                text14                             270C     270C       28        4       0
                text13                             2A1A     2A1A        A        4       0
                text12                             2840     2840       22        4       0
                text11                             28A0     28A0       1E        4       0
                text10                             2784     2784       26        4       0
                text9                              2988     2988       12        4       0
                text8                              20C2     20C2       54        4       0
                text7                              29AC     29AC       10        4       0
                text6                              2882     2882       1E        4       0
                text5                              2A10     2A10        A        4       0
                text4                              281C     281C       24        4       0
                text3                              22E2     22E2       44        4       0
                text2                              26B8     26B8       2A        4       0
                text1                              2A5E     2A5E        4        4       0
                text0                              2204     2204       4A        4       0
                cstackCOMRAM                          1        1       3C        1       1
                cstackBANK0                          60       60       51       60       1
                cstackBANK3                         3C8      3C8       24      300       1
                bssBANK3                            300      300       C8      300       1
                dataBANK2                           297      297       50      200       1
                bssBANK2                            200      200       97      200       1
                dataBANK1                           1B7      1B7       36      100       1
                bssBANK1                            100      100       B7      100       1
                bssBANK0                             B1       B1       3C       60       1
                dataCOMRAM                           50       50        4        1       1
                bssCOMRAM                            3D       3D       13        1       1
                cinit                              19CA     19CA       A6        4       0
                nvBANK1                             1ED      1ED        A      100       1
                idataBANK2                         2168     2168       50        4       0
                idataBANK1                         252C     252C       36        4       0
                idataCOMRAM                        2A5A     2A5A        4        4       0

TOTAL           Name                               Link     Load   Length     Space
        CLASS   CODE           
                intcode                               8        8       CE         0
                init                                 D6       D6        4         0
                reset_vec                             0        0        6         0
                text95                             1256     1256      10A         0
                text94                             154E     154E       EA         0
                text93                             2598     2598       34         0
                text92                             2946     2946       18         0
                text91                             2A42     2A42        A         0
                text90                             17AE     17AE       BA         0
                text89                             2474     2474       40         0
                text88                             1F98     1F98       66         0
                text87                              C66      C66      1A2         0
                text86                             191A     191A       B0         0
                text85                             1360     1360      102         0
                text84                             1B16     1B16       A4         0
                text83                             1E20     1E20       88         0
                text82                              F26      F26      116         0
                text81                              4BC      4BC      3D4         0
                text80                             236A     236A       44         0
                text79                             28F8     28F8       1C         0
                text78                             299A     299A       12         0
                text77                             2A68     2A68        2         0
                text76                             268A     268A       2E         0
                text75                             25FE     25FE       30         0
                text74                             29CC     29CC       10         0
                text73                             2A66     2A66        2         0
                text72                             265C     265C       2E         0
                text71                             275C     275C       28         0
                text70                             24F0     24F0       3C         0
                text68                             295E     295E       16         0
                text67                             2974     2974       14         0
                text66                             29EA     29EA        E         0
                text65                             114A     114A      10C         0
                text64                             1462     1462       EC         0
                text63                             2562     2562       36         0
                text62                             2914     2914       1A         0
                text61                             29DC     29DC        E         0
                text60                             1638     1638       BC         0
                text59                             2326     2326       44         0
                text58                             1F2E     1F2E       6A         0
                text57                              ABE      ABE      1A8         0
                text56                             1868     1868       B2         0
                text55                             103C     103C      10E         0
                text54                             1A70     1A70       A6         0
                text53                             1D96     1D96       8A         0
                text52                              E08      E08      11E         0
                text51                               DA       DA      3E2         0
                text50                             2298     2298       4A         0
                text49                             2862     2862       20         0
                text48                             1CFC     1CFC       9A         0
                text47                             262E     262E       2E         0
                text46                             2A38     2A38        A         0
                text45                             2A2E     2A2E        A         0
                text44                             2A24     2A24        A         0
                text43                             2432     2432       42         0
                text42                             2A62     2A62        4         0
                text41                             28BE     28BE       1E         0
                text40                             2062     2062       60         0
                text39                             2734     2734       28         0
                text38                             1EA8     1EA8       86         0
                text37                             25CC     25CC       32         0
                text36                             29BC     29BC       10         0
                text35                             23F0     23F0       42         0
                text34                             27F6     27F6       26         0
                text33                             23AE     23AE       42         0
                text32                             27D0     27D0       26         0
                text31                             27AA     27AA       26         0
                text30                             224E     224E       4A         0
                text29                             21B8     21B8       4C         0
                text28                             26E2     26E2       2A         0
                text27                             16F4     16F4       BA         0
                text26                             2A4C     2A4C        8         0
                text25                             24B4     24B4       3C         0
                text24                             292E     292E       18         0
                text23                             2116     2116       52         0
                text22                             2A04     2A04        C         0
                text21                             29F8     29F8        C         0
                text20                              890      890      22E         0
                text19                             1C5C     1C5C       A0         0
                text18                             2A54     2A54        6         0
                text17                             1FFE     1FFE       64         0
                text16                             1BBA     1BBA       A2         0
                text15                             28DC     28DC       1C         0
                text14                             270C     270C       28         0
                text13                             2A1A     2A1A        A         0
                text12                             2840     2840       22         0
                text11                             28A0     28A0       1E         0
                text10                             2784     2784       26         0
                text9                              2988     2988       12         0
                text8                              20C2     20C2       54         0
                text7                              29AC     29AC       10         0
                text6                              2882     2882       1E         0
                text5                              2A10     2A10        A         0
                text4                              281C     281C       24         0
                text3                              22E2     22E2       44         0
                text2                              26B8     26B8       2A         0
                text1                              2A5E     2A5E        4         0
                text0                              2204     2204       4A         0
                cinit                              19CA     19CA       A6         0
                idataBANK2                         2168     2168       50         0
                idataBANK1                         252C     252C       36         0
                idataCOMRAM                        2A5A     2A5A        4         0

        CLASS   CONST          

        CLASS   SMALLCONST     

        CLASS   MEDIUMCONST    
                mediumconst                        FD4E     FD4E      2B2         0

        CLASS   COMRAM         
                temp                                 54       54        1         1
                cstackCOMRAM                          1        1       3C         1
                dataCOMRAM                           50       50        4         1
                bssCOMRAM                            3D       3D       13         1

        CLASS   ABS1           

        CLASS   BIGRAM         

        CLASS   RAM            

        CLASS   BANK0          
                cstackBANK0                          60       60       51         1
                bssBANK0                             B1       B1       3C         1

        CLASS   BANK1          
                dataBANK1                           1B7      1B7       36         1
                bssBANK1                            100      100       B7         1
                nvBANK1                             1ED      1ED        A         1

        CLASS   BANK2          
                dataBANK2                           297      297       50         1
                bssBANK2                            200      200       97         1

        CLASS   BANK3          
                cstackBANK3                         3C8      3C8       24         1
                bssBANK3                            300      300       C8         1

        CLASS   BANK4          

        CLASS   BANK5          

        CLASS   BANK6          

        CLASS   BANK7          

        CLASS   BANK8          

        CLASS   BANK9          

        CLASS   BANK10         

        CLASS   BANK11         

        CLASS   BANK12         

        CLASS   BANK13         

        CLASS   BANK14         

        CLASS   SFR            

        CLASS   BIGSFR         

        CLASS   CONFIG         
                config                           300000   300000        C         4

        CLASS   IDLOC          

        CLASS   EEDATA         

        CLASS   FARRAM         

        CLASS   HEAP           

        CLASS   STACK          



SEGMENTS        Name                           Load    Length   Top    Selector   Space  Class

                reset_vec                      000000  000006  000006         0       0  CODE    
                cstackCOMRAM                   000001  000054  000055         1       1  COMRAM  
                intcode                        000008  002A62  002A6A         4       0  CODE    
                cstackBANK0                    000060  00008D  0000ED        60       1  BANK0   
                bssBANK1                       000100  0000F7  0001F7       100       1  BANK1   
                bssBANK2                       000200  0000E7  0002E7       200       1  BANK2   
                bssBANK3                       000300  0000EC  0003EC       300       1  BANK3   
                mediumconst                    00FD4E  0002B2  010000      7EA7       0  MEDIUMCO


UNUSED ADDRESS RANGES

        Name                Unused          Largest block    Delta
        BANK0            0000ED-0000FF               13
        BANK1            0001F7-0001FF                9
        BANK10           000A00-000AFF              100
        BANK11           000B00-000BFF              100
        BANK12           000C00-000CFF              100
        BANK13           000D00-000DFF              100
        BANK14           000E00-000E87               88
        BANK2            0002E7-0002FF               19
        BANK3            0003EC-0003FF               14
        BANK4            000400-0004FF              100
        BANK5            000500-0005FF              100
        BANK6            000600-0006FF              100
        BANK7            000700-0007FF              100
        BANK8            000800-0008FF              100
        BANK9            000900-0009FF              100
        BIGRAM           000055-00005F                B
                         0000ED-0000FF               13
                         0001F7-0001FF                9
                         0002E7-0002FF               19
                         0003EC-000E87              A9C
        BIGSFR           000E8D-000FFF              173
        CODE             000006-000007                2
                         002A6A-00FD4D             D2E4
        COMRAM           000055-00005F                B
        CONST            000006-000007                2
                         002A6A-00FD4D             D2E4
        EEDATA           310000-3103FF              400
        IDLOC            200000-20000F               10
        MEDIUMCONST      002A6A-00FD4D             D2E4
        RAM              0000ED-0000FF               13
                         0001F7-0001FF                9
                         0002E7-0002FF               19
                         0003EC-000E87              100
        SFR              000E8D-000FFF               73
        SMALLCONST       002A6A-00FD4D              100

                                  Symbol Table

?_ADCC_GetConversionResult                      cstackBANK0  00006E
?_ENC28_PhyRead                                 cstackBANK0  000076
?_ENC28_Rcr16                                   cstackBANK0  000071
?_MAC_getAddress                                cstackBANK0  00006E
?___aldiv                                       cstackBANK0  00006E
?___almod                                       cstackBANK0  00006E
?___lldiv                                       cstackBANK0  00006E
?___llmod                                       cstackBANK0  00006E
?_abs                                           cstackBANK0  000078
?_printf                                        cstackBANK3  0003C8
?_read_prec_or_width                            cstackBANK0  00006E
?_time                                          cstackBANK0  00006E
?_vfprintf                                      cstackBANK0  0000A2
?i2___aldiv                                     cstackCOMRAM 000001
?i2___almod                                     cstackCOMRAM 000001
?i2___lldiv                                     cstackCOMRAM 000001
?i2___llmod                                     cstackCOMRAM 000001
?i2_abs                                         cstackCOMRAM 00000B
?i2_printf                                      cstackCOMRAM 00003A
?i2_read_prec_or_width                          cstackCOMRAM 000001
?i2_vfprintf                                    cstackCOMRAM 000034
ADCC_StartConversion@channel                    cstackBANK0  00006E
ARPV4_Init@x                                    cstackBANK0  000075
DHCP_Handler@F1305                              dataBANK2    000297
DHCP_Manage@managementTimer                     bssBANK1     000124
ENC28_BankSel@a                                 cstackBANK0  000070
ENC28_BankSel@r                                 cstackBANK0  00006F
ENC28_Bfc@a                                     cstackBANK0  000072
ENC28_Bfc@bits                                  cstackBANK0  000071
ENC28_Bfs@a                                     cstackBANK0  000072
ENC28_Bfs@bits                                  cstackBANK0  000071
ENC28_PhyRead@a                                 cstackBANK0  000079
ENC28_PhyWrite@a                                cstackBANK0  000076
ENC28_PhyWrite@d                                cstackBANK0  000074
ENC28_PhyWrite@v                                cstackBANK0  000077
ENC28_Rcr16@a                                   cstackBANK0  000075
ENC28_Rcr16@v                                   cstackBANK0  000073
ENC28_Rcr8@a                                    cstackBANK0  000072
ENC28_Rcr8@v                                    cstackBANK0  000071
ENC28_Wcr16@a                                   cstackBANK0  000073
ENC28_Wcr16@v                                   cstackBANK0  000071
ENC28_Wcr8@a                                    cstackBANK0  000072
ENC28_Wcr8@v                                    cstackBANK0  000071
ETH_CheckLinkUp@phstat2                         cstackBANK0  00007A
ETH_GetMAC@macAddr                              cstackBANK0  000073
ETH_PacketListReset@index                       cstackBANK0  000070
ETH_PacketListReset@ptr                         cstackBANK0  00006E
EUSART1_SetErrorHandler@interruptHandler        cstackBANK0  00006E
EUSART1_SetFramingErrorHandler@interruptHandler cstackBANK0  00006E
EUSART1_SetOverrunErrorHandler@interruptHandler cstackBANK0  00006E
EUSART1_Write@txData                            cstackBANK0  00006E
LOG_Init@t                                      cstackBANK0  0000AC
LOG_Init@x                                      cstackBANK0  0000B0
Network_Manage@nowPv                            bssBANK1     00013C
SPI1_ExchangeByte@data                          cstackBANK0  00006E
SPI1_Open@spi1UniqueConfiguration               cstackBANK0  00006F
TMR0_ISR@CountCallBack                          bssBANK0     0000BD
TMR0_SetInterruptHandler@InterruptHandler       cstackBANK0  00006E
TMR1_ISR@CountCallBack                          bssBANK0     0000C7
TMR1_SetInterruptHandler@InterruptHandler       cstackBANK0  00006E
TMR1_WriteTimer@timerVal                        cstackCOMRAM 000001
_ADACCH                                         (abs)        000F71
_ADACCL                                         (abs)        000F70
_ADACQ                                          (abs)        000F5C
_ADACT                                          (abs)        000F56
_ADCAP                                          (abs)        000F5D
_ADCC_GetConversionResult                       text68       00295E
_ADCC_Initialize                                text47       00262E
_ADCC_IsConversionDone                          text67       002974
_ADCC_StartConversion                           text66       0029EA
_ADCLK                                          (abs)        000F57
_ADCNT                                          (abs)        000F67
_ADCON0                                         (abs)        000F60
_ADCON0bits                                     (abs)        000F60
_ADCON1                                         (abs)        000F59
_ADCON1bits                                     (abs)        000F59
_ADCON2                                         (abs)        000F5A
_ADCON2bits                                     (abs)        000F5A
_ADCON3                                         (abs)        000F5B
_ADCON3bits                                     (abs)        000F5B
_ADERRH                                         (abs)        000F6F
_ADERRL                                         (abs)        000F6E
_ADFLTRH                                        (abs)        000F73
_ADFLTRL                                        (abs)        000F72
_ADLTHH                                         (abs)        000F6B
_ADLTHL                                         (abs)        000F6A
_ADPCH                                          (abs)        000F5F
_ADPRE                                          (abs)        000F5E
_ADPREVH                                        (abs)        000F62
_ADPREVL                                        (abs)        000F61
_ADREF                                          (abs)        000F58
_ADRESH                                         (abs)        000F64
_ADRESL                                         (abs)        000F63
_ADRPT                                          (abs)        000F66
_ADSTAT                                         (abs)        000F65
_ADSTATbits                                     (abs)        000F65
_ADSTPTH                                        (abs)        000F69
_ADSTPTL                                        (abs)        000F68
_ADUTHH                                         (abs)        000F6D
_ADUTHL                                         (abs)        000F6C
_ANSELA                                         (abs)        000F11
_ANSELB                                         (abs)        000F19
_ANSELC                                         (abs)        000F21
_ARPV4_Init                                     text37       0025CC
_BAUD1CON                                       (abs)        000F9F
_Control_Byte                                   bssBANK0     0000CE
_DHCP_Handler                                   (abs)        000000
_DHCP_init                                      text36       0029BC
_ENC28_BankSel                                  text40       002062
_ENC28_Bfc                                      text32       0027D0
_ENC28_Bfs                                      text31       0027AA
_ENC28_PhyRead                                  text29       0021B8
_ENC28_PhyWrite                                 text33       0023AE
_ENC28_Rcr16                                    text30       00224E
_ENC28_Rcr8                                     text39       002734
_ENC28_Wcr16                                    text35       0023F0
_ENC28_Wcr8                                     text34       0027F6
_ETH_CheckLinkUp                                text28       0026E2
_ETH_GetMAC                                     text38       001EA8
_ETH_Init                                       text20       000890
_ETH_OpenSPI                                    text24       00292E
_ETH_PacketListReset                            text23       002116
_ETH_SendSystemReset                            text22       002A04
_EUSART1_DefaultErrorHandler                    (abs)        000000
_EUSART1_DefaultFramingErrorHandler             (abs)        000000
_EUSART1_DefaultOverrunErrorHandler             (abs)        000000
_EUSART1_ErrorHandler                           nvBANK1      0001EF
_EUSART1_FramingErrorHandler                    nvBANK1      0001F3
_EUSART1_Initialize                             text43       002432
_EUSART1_OverrunErrorHandler                    nvBANK1      0001F1
_EUSART1_SetErrorHandler                        text46       002A38
_EUSART1_SetFramingErrorHandler                 text45       002A2E
_EUSART1_SetOverrunErrorHandler                 text44       002A24
_EUSART1_Write                                  text62       002914
_GIE                                            (abs)        007F97
_INLVLA                                         (abs)        000F0D
_INLVLB                                         (abs)        000F15
_INLVLC                                         (abs)        000F1D
_INLVLE                                         (abs)        000F2A
_INTCONbits                                     (abs)        000FF2
_INTERRUPT_Initialize                           text42       002A62
_INTERRUPT_InterruptManager                     intcode      000008
_IPV4_Init                                      text18       002A54
_LATA                                           (abs)        000F83
_LATB                                           (abs)        000F84
_LATC                                           (abs)        000F85
_LATC1                                          (abs)        007C29
_LOG_Init                                       text16       001BBA
_MAC_getAddress                                 text21       0029F8
_MAC_open                                       text26       002A4C
_Network_Init                                   text10       002784
_Network_WaitForLink                            text15       0028DC
_ODCONA                                         (abs)        000F0F
_ODCONB                                         (abs)        000F17
_ODCONC                                         (abs)        000F1F
_OSCCON1                                        (abs)        000ED8
_OSCCON3                                        (abs)        000EDA
_OSCEN                                          (abs)        000EDC
_OSCFRQ                                         (abs)        000EDE
_OSCILLATOR_Initialize                          text9        002988
_OSCTUNE                                        (abs)        000EDD
_PIE0bits                                       (abs)        000EC2
_PIE4bits                                       (abs)        000EC6
_PIN_MANAGER_Initialize                         text8        0020C2
_PIR0bits                                       (abs)        000ECA
_PIR3bits                                       (abs)        000ECD
_PIR4bits                                       (abs)        000ECE
_PMD0                                           (abs)        000EE1
_PMD1                                           (abs)        000EE2
_PMD2                                           (abs)        000EE3
_PMD3                                           (abs)        000EE4
_PMD4                                           (abs)        000EE5
_PMD5                                           (abs)        000EE6
_PMD_Initialize                                 text7        0029AC
_RC1REG                                         (abs)        000F99
_RC1STA                                         (abs)        000F9D
_RC1STAbits                                     (abs)        000F9D
_RC3PPS                                         (abs)        000EFA
_RC6PPS                                         (abs)        000EFD
_RX1PPS                                         (abs)        000EB5
_ReadADCChannels                                text48       001CFC
_SLRCONA                                        (abs)        000F0E
_SLRCONB                                        (abs)        000F16
_SLRCONC                                        (abs)        000F1E
_SP1BRGH                                        (abs)        000F9C
_SP1BRGL                                        (abs)        000F9B
_SPI1_Close                                     (abs)        000000
_SPI1_ExchangeBlock                             (abs)        000000
_SPI1_ExchangeByte                              text41       0028BE
_SPI1_Initialize                                text6        002882
_SPI1_Open                                      text27       0016F4
_SPI1_ReadBlock                                 (abs)        000000
_SPI1_ReadByte                                  (abs)        000000
_SPI1_WriteBlock                                (abs)        000000
_SPI1_WriteByte                                 (abs)        000000
_SSP1ADD                                        (abs)        000F93
_SSP1BUF                                        (abs)        000F92
_SSP1CLKPPS                                     (abs)        000EB7
_SSP1CON1                                       (abs)        000F96
_SSP1CON1bits                                   (abs)        000F96
_SSP1CON2                                       (abs)        000F97
_SSP1DATPPS                                     (abs)        000EB8
_SSP1STAT                                       (abs)        000F95
_SYSTEM_Initialize                              text2        0026B8
_T0CKIPPS                                       (abs)        000EA4
_T0CON0                                         (abs)        000FD5
_T0CON0bits                                     (abs)        000FD5
_T0CON1                                         (abs)        000FD6
_T1CLK                                          (abs)        000FD2
_T1CON                                          (abs)        000FCF
_T1CONbits                                      (abs)        000FCF
_T1GATE                                         (abs)        000FD1
_T1GCON                                         (abs)        000FD0
_T1GCONbits                                     (abs)        000FD0
_TCP_Init                                       text14       00270C
_TMR0H                                          (abs)        000FD4
_TMR0L                                          (abs)        000FD3
_TMR0_CallBack                                  text76       00268A
_TMR0_DefaultInterruptHandler                   text77       002A68
_TMR0_ISR                                       text75       0025FE
_TMR0_Initialize                                text4        00281C
_TMR0_InterruptHandler                          nvBANK1      0001ED
_TMR0_SetInterruptHandler                       text5        002A10
_TMR0_StartTimer                                text1        002A5E
_TMR1H                                          (abs)        000FCE
_TMR1L                                          (abs)        000FCD
_TMR1_CallBack                                  text72       00265C
_TMR1_DefaultInterruptHandler                   text73       002A66
_TMR1_ISR                                       text70       0024F0
_TMR1_Initialize                                text3        0022E2
_TMR1_InterruptHandler                          nvBANK1      0001F5
_TMR1_SetInterruptHandler                       text13       002A1A
_TMR1_WriteTimer                                text71       00275C
_TRISA                                          (abs)        000F88
_TRISB                                          (abs)        000F89
_TRISC                                          (abs)        000F8A
_TRISCbits                                      (abs)        000F8A
_TX1REG                                         (abs)        000F9A
_TX1STA                                         (abs)        000F9E
_TX1STAbits                                     (abs)        000F9E
_TXPacketSize                                   bssBANK1     000154
_UDP_CallBackTable                              mediumconst  00FDD1
_WPUA                                           (abs)        000F10
_WPUB                                           (abs)        000F18
_WPUC                                           (abs)        000F20
_WPUE                                           (abs)        000F2D
__HRAM                                          (abs)        000000
__H__absolute__                                 __absolute__ 000000
__Habs1                                         abs1         000000
__Hbank0                                        bank0        000000
__Hbank1                                        bank1        000000
__Hbank10                                       bank10       000000
__Hbank11                                       bank11       000000
__Hbank12                                       bank12       000000
__Hbank13                                       bank13       000000
__Hbank14                                       bank14       000000
__Hbank2                                        bank2        000000
__Hbank3                                        bank3        000000
__Hbank4                                        bank4        000000
__Hbank5                                        bank5        000000
__Hbank6                                        bank6        000000
__Hbank7                                        bank7        000000
__Hbank8                                        bank8        000000
__Hbank9                                        bank9        000000
__Hbigbss                                       bigbss       000000
__Hbigdata                                      bigdata      000000
__Hbigram                                       bigram       000000
__Hbigsfr                                       bigsfr       000000
__Hbss                                          bss          000000
__HbssBANK0                                     bssBANK0     000000
__HbssBANK1                                     bssBANK1     000000
__HbssBANK2                                     bssBANK2     000000
__HbssBANK3                                     bssBANK3     000000
__HbssCOMRAM                                    bssCOMRAM    000000
__Hcinit                                        cinit        000000
__Hclrtext                                      clrtext      000000
__Hcomram                                       comram       000000
__Hconfig                                       config       30000C
__Hconst                                        const        000000
__HcstackBANK0                                  cstackBANK0  000000
__HcstackBANK3                                  cstackBANK3  000000
__HcstackCOMRAM                                 cstackCOMRAM 000000
__Hdata                                         data         000000
__HdataBANK1                                    dataBANK1    000000
__HdataBANK2                                    dataBANK2    000000
__HdataCOMRAM                                   dataCOMRAM   000000
__Heeprom_data                                  eeprom_data  000000
__Hfarbss                                       farbss       000000
__Hfardata                                      fardata      000000
__Hheap                                         heap         000000
__Hibigdata                                     ibigdata     000000
__Hidata                                        idata        000000
__HidataBANK1                                   idataBANK1   000000
__HidataBANK2                                   idataBANK2   000000
__HidataCOMRAM                                  idataCOMRAM  000000
__Hidloc                                        idloc        000000
__Hifardata                                     ifardata     000000
__Hinit                                         init         0000DA
__Hintcode                                      intcode      0000D6
__Hintcode_body                                 intcode_body 000000
__Hintcodelo                                    intcodelo    000018
__Hintentry                                     intentry     000000
__Hintret                                       intret       000000
__Hintsave_regs                                 intsave_regs 000000
__Hirdata                                       irdata       000000
__Hmediumconst                                  mediumconst  010000
__HnvBANK1                                      nvBANK1      000000
__HnvFARRAM                                     nvFARRAM     000000
__Hnvbit                                        nvbit        000000
__Hnvrram                                       nvrram       000000
__Hparam                                        rparam       000000
__Hpowerup                                      powerup      000000
__Hram                                          ram          000000
__Hramtop                                       ramtop       000F00
__Hrbit                                         rbit         000000
__Hrbss                                         rbss         000000
__Hrdata                                        rdata        000000
__Hreset_vec                                    reset_vec    000006
__Hrparam                                       rparam       000000
__Hsfr                                          sfr          000000
__Hsivt_hi                                      sivt_hi      000000
__Hsivt_lo                                      sivt_lo      000018
__Hsmallconst                                   smallconst   000000
__Hspace_0                                      (abs)        010000
__Hspace_1                                      (abs)        0003EC
__Hspace_2                                      (abs)        000000
__Hspace_4                                      (abs)        60000C
__Hstack                                        stack        000000
__Hstruct                                       struct       000000
__Htemp                                         temp         000055
__Htext                                         text         000000
__Htext0                                        text0        000000
__Htext1                                        text1        000000
__Htext10                                       text10       000000
__Htext11                                       text11       000000
__Htext12                                       text12       000000
__Htext13                                       text13       000000
__Htext14                                       text14       000000
__Htext15                                       text15       000000
__Htext16                                       text16       000000
__Htext17                                       text17       000000
__Htext18                                       text18       000000
__Htext19                                       text19       000000
__Htext2                                        text2        000000
__Htext20                                       text20       000000
__Htext21                                       text21       000000
__Htext22                                       text22       000000
__Htext23                                       text23       000000
__Htext24                                       text24       000000
__Htext25                                       text25       000000
__Htext26                                       text26       000000
__Htext27                                       text27       000000
__Htext28                                       text28       000000
__Htext29                                       text29       000000
__Htext3                                        text3        000000
__Htext30                                       text30       000000
__Htext31                                       text31       000000
__Htext32                                       text32       000000
__Htext33                                       text33       000000
__Htext34                                       text34       000000
__Htext35                                       text35       000000
__Htext36                                       text36       000000
__Htext37                                       text37       000000
__Htext38                                       text38       000000
__Htext39                                       text39       000000
__Htext4                                        text4        000000
__Htext40                                       text40       000000
__Htext41                                       text41       000000
__Htext42                                       text42       000000
__Htext43                                       text43       000000
__Htext44                                       text44       000000
__Htext45                                       text45       000000
__Htext46                                       text46       000000
__Htext47                                       text47       000000
__Htext48                                       text48       000000
__Htext49                                       text49       000000
__Htext5                                        text5        000000
__Htext50                                       text50       000000
__Htext51                                       text51       000000
__Htext52                                       text52       000000
__Htext53                                       text53       000000
__Htext54                                       text54       000000
__Htext55                                       text55       000000
__Htext56                                       text56       000000
__Htext57                                       text57       000000
__Htext58                                       text58       000000
__Htext59                                       text59       000000
__Htext6                                        text6        000000
__Htext60                                       text60       000000
__Htext61                                       text61       000000
__Htext62                                       text62       000000
__Htext63                                       text63       000000
__Htext64                                       text64       000000
__Htext65                                       text65       000000
__Htext66                                       text66       000000
__Htext67                                       text67       000000
__Htext68                                       text68       000000
__Htext7                                        text7        000000
__Htext70                                       text70       000000
__Htext71                                       text71       000000
__Htext72                                       text72       000000
__Htext73                                       text73       000000
__Htext74                                       text74       000000
__Htext75                                       text75       000000
__Htext76                                       text76       000000
__Htext77                                       text77       000000
__Htext78                                       text78       000000
__Htext79                                       text79       000000
__Htext8                                        text8        000000
__Htext80                                       text80       000000
__Htext81                                       text81       000000
__Htext82                                       text82       000000
__Htext83                                       text83       000000
__Htext84                                       text84       000000
__Htext85                                       text85       000000
__Htext86                                       text86       000000
__Htext87                                       text87       000000
__Htext88                                       text88       000000
__Htext89                                       text89       000000
__Htext9                                        text9        000000
__Htext90                                       text90       000000
__Htext91                                       text91       000000
__Htext92                                       text92       000000
__Htext93                                       text93       000000
__Htext94                                       text94       000000
__Htext95                                       text95       000000
__LRAM                                          (abs)        000001
__L__absolute__                                 __absolute__ 000000
__Labs1                                         abs1         000000
__Lbank0                                        bank0        000000
__Lbank1                                        bank1        000000
__Lbank10                                       bank10       000000
__Lbank11                                       bank11       000000
__Lbank12                                       bank12       000000
__Lbank13                                       bank13       000000
__Lbank14                                       bank14       000000
__Lbank2                                        bank2        000000
__Lbank3                                        bank3        000000
__Lbank4                                        bank4        000000
__Lbank5                                        bank5        000000
__Lbank6                                        bank6        000000
__Lbank7                                        bank7        000000
__Lbank8                                        bank8        000000
__Lbank9                                        bank9        000000
__Lbigbss                                       bigbss       000000
__Lbigdata                                      bigdata      000000
__Lbigram                                       bigram       000000
__Lbigsfr                                       bigsfr       000000
__Lbss                                          bss          000000
__LbssBANK0                                     bssBANK0     000000
__LbssBANK1                                     bssBANK1     000000
__LbssBANK2                                     bssBANK2     000000
__LbssBANK3                                     bssBANK3     000000
__LbssCOMRAM                                    bssCOMRAM    000000
__Lcinit                                        cinit        000000
__Lclrtext                                      clrtext      000000
__Lcomram                                       comram       000000
__Lconfig                                       config       000000
__Lconst                                        const        000000
__LcstackBANK0                                  cstackBANK0  000000
__LcstackBANK3                                  cstackBANK3  000000
__LcstackCOMRAM                                 cstackCOMRAM 000000
__Ldata                                         data         000000
__LdataBANK1                                    dataBANK1    000000
__LdataBANK2                                    dataBANK2    000000
__LdataCOMRAM                                   dataCOMRAM   000000
__Leeprom_data                                  eeprom_data  000000
__Lfarbss                                       farbss       000000
__Lfardata                                      fardata      000000
__Lheap                                         heap         000000
__Libigdata                                     ibigdata     000000
__Lidata                                        idata        000000
__LidataBANK1                                   idataBANK1   000000
__LidataBANK2                                   idataBANK2   000000
__LidataCOMRAM                                  idataCOMRAM  000000
__Lidloc                                        idloc        000000
__Lifardata                                     ifardata     000000
__Linit                                         init         0000D6
__Lintcode                                      intcode      000008
__Lintcode_body                                 intcode_body 000000
__Lintcodelo                                    intcodelo    000018
__Lintentry                                     intentry     000000
__Lintret                                       intret       000000
__Lintsave_regs                                 intsave_regs 000000
__Lirdata                                       irdata       000000
__Lmediumconst                                  mediumconst  00FD4E
__LnvBANK1                                      nvBANK1      000000
__LnvFARRAM                                     nvFARRAM     000000
__Lnvbit                                        nvbit        000000
__Lnvrram                                       nvrram       000000
__Lparam                                        rparam       000000
__Lpowerup                                      powerup      000000
__Lram                                          ram          000000
__Lramtop                                       ramtop       000F00
__Lrbit                                         rbit         000000
__Lrbss                                         rbss         000000
__Lrdata                                        rdata        000000
__Lreset_vec                                    reset_vec    000000
__Lrparam                                       rparam       000000
__Lsfr                                          sfr          000000
__Lsivt_hi                                      sivt_hi      000000
__Lsivt_lo                                      sivt_lo      000018
__Lsmallconst                                   smallconst   000000
__Lspace_0                                      (abs)        000000
__Lspace_1                                      (abs)        000000
__Lspace_2                                      (abs)        000000
__Lspace_4                                      (abs)        000000
__Lstack                                        stack        000000
__Lstruct                                       struct       000000
__Ltemp                                         temp         000054
__Ltext                                         text         000000
__Ltext0                                        text0        000000
__Ltext1                                        text1        000000
__Ltext10                                       text10       000000
__Ltext11                                       text11       000000
__Ltext12                                       text12       000000
__Ltext13                                       text13       000000
__Ltext14                                       text14       000000
__Ltext15                                       text15       000000
__Ltext16                                       text16       000000
__Ltext17                                       text17       000000
__Ltext18                                       text18       000000
__Ltext19                                       text19       000000
__Ltext2                                        text2        000000
__Ltext20                                       text20       000000
__Ltext21                                       text21       000000
__Ltext22                                       text22       000000
__Ltext23                                       text23       000000
__Ltext24                                       text24       000000
__Ltext25                                       text25       000000
__Ltext26                                       text26       000000
__Ltext27                                       text27       000000
__Ltext28                                       text28       000000
__Ltext29                                       text29       000000
__Ltext3                                        text3        000000
__Ltext30                                       text30       000000
__Ltext31                                       text31       000000
__Ltext32                                       text32       000000
__Ltext33                                       text33       000000
__Ltext34                                       text34       000000
__Ltext35                                       text35       000000
__Ltext36                                       text36       000000
__Ltext37                                       text37       000000
__Ltext38                                       text38       000000
__Ltext39                                       text39       000000
__Ltext4                                        text4        000000
__Ltext40                                       text40       000000
__Ltext41                                       text41       000000
__Ltext42                                       text42       000000
__Ltext43                                       text43       000000
__Ltext44                                       text44       000000
__Ltext45                                       text45       000000
__Ltext46                                       text46       000000
__Ltext47                                       text47       000000
__Ltext48                                       text48       000000
__Ltext49                                       text49       000000
__Ltext5                                        text5        000000
__Ltext50                                       text50       000000
__Ltext51                                       text51       000000
__Ltext52                                       text52       000000
__Ltext53                                       text53       000000
__Ltext54                                       text54       000000
__Ltext55                                       text55       000000
__Ltext56                                       text56       000000
__Ltext57                                       text57       000000
__Ltext58                                       text58       000000
__Ltext59                                       text59       000000
__Ltext6                                        text6        000000
__Ltext60                                       text60       000000
__Ltext61                                       text61       000000
__Ltext62                                       text62       000000
__Ltext63                                       text63       000000
__Ltext64                                       text64       000000
__Ltext65                                       text65       000000
__Ltext66                                       text66       000000
__Ltext67                                       text67       000000
__Ltext68                                       text68       000000
__Ltext7                                        text7        000000
__Ltext70                                       text70       000000
__Ltext71                                       text71       000000
__Ltext72                                       text72       000000
__Ltext73                                       text73       000000
__Ltext74                                       text74       000000
__Ltext75                                       text75       000000
__Ltext76                                       text76       000000
__Ltext77                                       text77       000000
__Ltext78                                       text78       000000
__Ltext79                                       text79       000000
__Ltext8                                        text8        000000
__Ltext80                                       text80       000000
__Ltext81                                       text81       000000
__Ltext82                                       text82       000000
__Ltext83                                       text83       000000
__Ltext84                                       text84       000000
__Ltext85                                       text85       000000
__Ltext86                                       text86       000000
__Ltext87                                       text87       000000
__Ltext88                                       text88       000000
__Ltext89                                       text89       000000
__Ltext9                                        text9        000000
__Ltext90                                       text90       000000
__Ltext91                                       text91       000000
__Ltext92                                       text92       000000
__Ltext93                                       text93       000000
__Ltext94                                       text94       000000
__Ltext95                                       text95       000000
__S0                                            (abs)        010000
__S1                                            (abs)        0003EC
__S4                                            (abs)        000000
__S5                                            (abs)        000000
___aldiv                                        text65       00114A
___aldiv@counter                                cstackBANK0  000076
___aldiv@dividend                               cstackBANK0  00006E
___aldiv@divisor                                cstackBANK0  000072
___aldiv@quotient                               cstackBANK0  000078
___aldiv@sign                                   cstackBANK0  000077
___almod                                        text64       001462
___almod@counter                                cstackBANK0  000076
___almod@dividend                               cstackBANK0  00006E
___almod@divisor                                cstackBANK0  000072
___almod@sign                                   cstackBANK0  000077
___heap_hi                                      (abs)        000000
___heap_lo                                      (abs)        000000
___inthi_sp                                     stack        000000
___inthi_stack_hi                               stack        000000
___inthi_stack_lo                               stack        000000
___intlo_sp                                     stack        000000
___intlo_stack_hi                               stack        000000
___intlo_stack_lo                               stack        000000
___lldiv                                        text54       001A70
___lldiv@counter                                cstackBANK0  00007A
___lldiv@dividend                               cstackBANK0  00006E
___lldiv@divisor                                cstackBANK0  000072
___lldiv@quotient                               cstackBANK0  000076
___llmod                                        text53       001D96
___llmod@counter                                cstackBANK0  000076
___llmod@dividend                               cstackBANK0  00006E
___llmod@divisor                                cstackBANK0  000072
___param_bank                                   (abs)        000000
___rparam_used                                  (abs)        000001
___secs_to_tm@days_in_month                     mediumconst  00FDA5
___sp                                           stack        000000
___stack_hi                                     stack        000000
___stack_lo                                     stack        000000
__accesstop                                     (abs)        000060
__activetblptr                                  (abs)        000003
__end_of_ADCC_GetConversionResult               text68       002974
__end_of_ADCC_Initialize                        text47       00265C
__end_of_ADCC_IsConversionDone                  text67       002988
__end_of_ADCC_StartConversion                   text66       0029F8
__end_of_ARPV4_Init                             text37       0025FE
__end_of_DHCP_init                              text36       0029CC
__end_of_ENC28_BankSel                          text40       0020C2
__end_of_ENC28_Bfc                              text32       0027F6
__end_of_ENC28_Bfs                              text31       0027D0
__end_of_ENC28_PhyRead                          text29       002204
__end_of_ENC28_PhyWrite                         text33       0023F0
__end_of_ENC28_Rcr16                            text30       002298
__end_of_ENC28_Rcr8                             text39       00275C
__end_of_ENC28_Wcr16                            text35       002432
__end_of_ENC28_Wcr8                             text34       00281C
__end_of_ETH_CheckLinkUp                        text28       00270C
__end_of_ETH_GetMAC                             text38       001F2E
__end_of_ETH_Init                               text20       000ABE
__end_of_ETH_OpenSPI                            text24       002946
__end_of_ETH_PacketListReset                    text23       002168
__end_of_ETH_SendSystemReset                    text22       002A10
__end_of_EUSART1_Initialize                     text43       002474
__end_of_EUSART1_SetErrorHandler                text46       002A42
__end_of_EUSART1_SetFramingErrorHandler         text45       002A38
__end_of_EUSART1_SetOverrunErrorHandler         text44       002A2E
__end_of_EUSART1_Write                          text62       00292E
__end_of_INTERRUPT_Initialize                   text42       002A66
__end_of_INTERRUPT_InterruptManager             intcode      0000D6
__end_of_IPV4_Init                              text18       002A5A
__end_of_LOG_Init                               text16       001C5C
__end_of_MAC_getAddress                         text21       002A04
__end_of_MAC_open                               text26       002A54
__end_of_Network_Init                           text10       0027AA
__end_of_Network_WaitForLink                    text15       0028F8
__end_of_OSCILLATOR_Initialize                  text9        00299A
__end_of_PIN_MANAGER_Initialize                 text8        002116
__end_of_PMD_Initialize                         text7        0029BC
__end_of_ReadADCChannels                        text48       001D96
__end_of_SPI1_ExchangeByte                      text41       0028DC
__end_of_SPI1_Initialize                        text6        0028A0
__end_of_SPI1_Open                              text27       0017AE
__end_of_SYSTEM_Initialize                      text2        0026E2
__end_of_TCP_Init                               text14       002734
__end_of_TMR0_CallBack                          text76       0026B8
__end_of_TMR0_DefaultInterruptHandler           text77       002A6A
__end_of_TMR0_ISR                               text75       00262E
__end_of_TMR0_Initialize                        text4        002840
__end_of_TMR0_SetInterruptHandler               text5        002A1A
__end_of_TMR0_StartTimer                        text1        002A62
__end_of_TMR1_CallBack                          text72       00268A
__end_of_TMR1_DefaultInterruptHandler           text73       002A68
__end_of_TMR1_ISR                               text70       00252C
__end_of_TMR1_Initialize                        text3        002326
__end_of_TMR1_SetInterruptHandler               text13       002A24
__end_of_TMR1_WriteTimer                        text71       002784
__end_of_UDP_CallBackTable                      mediumconst  00FDD5
__end_of___aldiv                                text65       001256
__end_of___almod                                text64       00154E
__end_of___lldiv                                text54       001B16
__end_of___llmod                                text53       001E20
__end_of___secs_to_tm@days_in_month             mediumconst  00FDB1
__end_of__initialization                        cinit        001A66
__end_of_abs                                    text63       002598
__end_of_broadcastMAC                           mediumconst  00FDD1
__end_of_dhcpName                               mediumconst  00FDCB
__end_of_dtoa                                   text57       000C66
__end_of_fputc                                  text60       0016F4
__end_of_fputs                                  text59       00236A
__end_of_ipdb_init                              text19       001CFC
__end_of_main                                   text0        00224E
__end_of_my_tmr0_callback                       text78       0029AC
__end_of_pad                                    text58       001F98
__end_of_printf                                 text49       002882
__end_of_putch                                  text61       0029EA
__end_of_read_prec_or_width                     text56       00191A
__end_of_rtcc_handler                           text74       0029DC
__end_of_rtcc_init                              text12       002862
__end_of_severityThresholdTable                 mediumconst  00FD7F
__end_of_spi1_configuration                     mediumconst  00FDB9
__end_of_spiMaster                              mediumconst  00FD93
__end_of_spi_master_open                        text25       0024F0
__end_of_stoa                                   text55       00114A
__end_of_time                                   text17       002062
__end_of_timersInit                             text11       0028BE
__end_of_utoa                                   text52       000F26
__end_of_vfpfcnvrt                              text51       0004BC
__end_of_vfprintf                               text50       0022E2
__end_of_xorSequences                           mediumconst  00FDA5
__end_ofi2_EUSART1_Write                        text92       00295E
__end_ofi2___aldiv                              text95       001360
__end_ofi2___almod                              text94       001638
__end_ofi2___lldiv                              text84       001BBA
__end_ofi2___llmod                              text83       001EA8
__end_ofi2_abs                                  text93       0025CC
__end_ofi2_dtoa                                 text87       000E08
__end_ofi2_fputc                                text90       001868
__end_ofi2_fputs                                text89       0024B4
__end_ofi2_pad                                  text88       001FFE
__end_ofi2_printf                               text79       002914
__end_ofi2_putch                                text91       002A4C
__end_ofi2_read_prec_or_width                   text86       0019CA
__end_ofi2_stoa                                 text85       001462
__end_ofi2_utoa                                 text82       00103C
__end_ofi2_vfpfcnvrt                            text81       000890
__end_ofi2_vfprintf                             text80       0023AE
__initialization                                cinit        0019CA
__mediumconst                                   mediumconst  00FD4E
__pbssBANK0                                     bssBANK0     0000B1
__pbssBANK1                                     bssBANK1     000100
__pbssBANK2                                     bssBANK2     000200
__pbssBANK3                                     bssBANK3     000300
__pbssCOMRAM                                    bssCOMRAM    00003D
__pcinit                                        cinit        0019CA
__pcstackBANK0                                  cstackBANK0  000060
__pcstackBANK3                                  cstackBANK3  0003C8
__pcstackCOMRAM                                 cstackCOMRAM 000001
__pdataBANK1                                    dataBANK1    0001B7
__pdataBANK2                                    dataBANK2    000297
__pdataCOMRAM                                   dataCOMRAM   000050
__pidataBANK1                                   idataBANK1   00252C
__pidataBANK2                                   idataBANK2   002168
__pidataCOMRAM                                  idataCOMRAM  002A5A
__pintcode                                      intcode      000008
__pmediumconst                                  mediumconst  00FD4E
__pnvBANK1                                      nvBANK1      0001ED
__ptext0                                        text0        002204
__ptext1                                        text1        002A5E
__ptext10                                       text10       002784
__ptext11                                       text11       0028A0
__ptext12                                       text12       002840
__ptext13                                       text13       002A1A
__ptext14                                       text14       00270C
__ptext15                                       text15       0028DC
__ptext16                                       text16       001BBA
__ptext17                                       text17       001FFE
__ptext18                                       text18       002A54
__ptext19                                       text19       001C5C
__ptext2                                        text2        0026B8
[...]
_tcpDataLength                                  bssCOMRAM    00003F
_tcpHeader                                      bssBANK0     0000D1
_tcpMss                                         dataCOMRAM   000050
_time                                           text17       001FFE
_timer1ReloadVal                                bssBANK0     0000C9
_timersInit                                     text11       0028A0
_txBufferPtrForRetransmit                       bssBANK1     000152
_txData                                         bssBANK3     000300
_udpHeader                                      bssBANK0     0000E5
_utoa                                           text52       000E08
_vfpfcnvrt                                      text51       0000DA
_vfprintf                                       text50       002298
_width                                          bssBANK0     0000BB
_xorSequences                                   mediumconst  00FD93
_xor_mask                                       dataCOMRAM   000053
abs@a                                           cstackBANK0  000078
btemp                                           temp         000054
dtoa@d                                          cstackBANK0  000087
dtoa@fp                                         cstackBANK0  000086
dtoa@i                                          cstackBANK0  000092
dtoa@p                                          cstackBANK0  00008F
dtoa@s                                          cstackBANK0  000091
dtoa@w                                          cstackBANK0  00008D
end_of_initialization                           cinit        001A66
fputc@c                                         cstackBANK0  000070
fputc@fp                                        cstackBANK0  000072
fputs@c                                         cstackBANK0  00007B
fputs@fp                                        cstackBANK0  00007A
fputs@i                                         cstackBANK0  00007C
fputs@s                                         cstackBANK0  000078
gmtime@tm                                       bssBANK2     00027F
i2EUSART1_Write@txData                          cstackCOMRAM 000001
i2_EUSART1_Write                                text92       002946
i2___aldiv                                      text95       001256
i2___aldiv@counter                              cstackCOMRAM 000009
i2___aldiv@dividend                             cstackCOMRAM 000001
i2___aldiv@divisor                              cstackCOMRAM 000005
i2___aldiv@quotient                             cstackCOMRAM 00000B
i2___aldiv@sign                                 cstackCOMRAM 00000A
i2___almod                                      text94       00154E
i2___almod@counter                              cstackCOMRAM 000009
i2___almod@dividend                             cstackCOMRAM 000001
i2___almod@divisor                              cstackCOMRAM 000005
i2___almod@sign                                 cstackCOMRAM 00000A
i2___lldiv                                      text84       001B16
i2___lldiv@counter                              cstackCOMRAM 00000D
i2___lldiv@dividend                             cstackCOMRAM 000001
i2___lldiv@divisor                              cstackCOMRAM 000005
i2___lldiv@quotient                             cstackCOMRAM 000009
i2___llmod                                      text83       001E20
i2___llmod@counter                              cstackCOMRAM 000009
i2___llmod@dividend                             cstackCOMRAM 000001
i2___llmod@divisor                              cstackCOMRAM 000005
i2_abs                                          text93       002598
i2_dtoa                                         text87       000C66
i2_dtoa$5818                                    cstackCOMRAM 00001E
i2_fputc                                        text90       0017AE
i2_fputs                                        text89       002474
i2_pad                                          text88       001F98
i2_printf                                       text79       0028F8
i2_putch                                        text91       002A42
i2_read_prec_or_width                           text86       00191A
i2_stoa                                         text85       001360
i2_utoa                                         text82       000F26
i2_vfpfcnvrt                                    text81       0004BC
i2_vfprintf                                     text80       00236A
i2abs@a                                         cstackCOMRAM 00000B
i2dtoa@d                                        cstackCOMRAM 00001A
i2dtoa@fp                                       cstackCOMRAM 000019
i2dtoa@i                                        cstackCOMRAM 000025
i2dtoa@p                                        cstackCOMRAM 000022
i2dtoa@s                                        cstackCOMRAM 000024
i2dtoa@w                                        cstackCOMRAM 000020
i2fputc@c                                       cstackCOMRAM 000003
i2fputc@fp                                      cstackCOMRAM 000005
i2fputs@c                                       cstackCOMRAM 00000E
i2fputs@fp                                      cstackCOMRAM 00000D
i2fputs@i                                       cstackCOMRAM 00000F
i2fputs@s                                       cstackCOMRAM 00000B
i2pad@buf                                       cstackCOMRAM 000012
i2pad@fp                                        cstackCOMRAM 000011
i2pad@i                                         cstackCOMRAM 000017
i2pad@p                                         cstackCOMRAM 000014
i2printf@ap                                     cstackCOMRAM 00003C
i2printf@fmt                                    cstackCOMRAM 00003A
i2putch@txData                                  cstackCOMRAM 000002
i2read_prec_or_width@ap                         cstackCOMRAM 000002
i2read_prec_or_width@c                          cstackCOMRAM 000005
i2read_prec_or_width@fmt                        cstackCOMRAM 000001
i2read_prec_or_width@n                          cstackCOMRAM 000006
i2stoa@cp                                       cstackCOMRAM 000012
i2stoa@fp                                       cstackCOMRAM 00000B
i2stoa@l                                        cstackCOMRAM 000014
i2stoa@p                                        cstackCOMRAM 000010
i2stoa@s                                        cstackCOMRAM 00000C
i2utoa@d                                        cstackCOMRAM 00001A
i2utoa@fp                                       cstackCOMRAM 000019
i2utoa@i                                        cstackCOMRAM 000022
i2utoa@p                                        cstackCOMRAM 000020
i2utoa@w                                        cstackCOMRAM 00001E
i2vfpfcnvrt@ap                                  cstackCOMRAM 000029
i2vfpfcnvrt@c                                   cstackCOMRAM 000031
i2vfpfcnvrt@convarg                             cstackCOMRAM 00002D
i2vfpfcnvrt@cp                                  cstackCOMRAM 000032
i2vfpfcnvrt@done                                cstackCOMRAM 00002C
i2vfpfcnvrt@fmt                                 cstackCOMRAM 000028
i2vfpfcnvrt@fp                                  cstackCOMRAM 000027
i2vfprintf@ap                                   cstackCOMRAM 000037
i2vfprintf@cfmt                                 cstackCOMRAM 000038
i2vfprintf@fmt                                  cstackCOMRAM 000035
i2vfprintf@fp                                   cstackCOMRAM 000034
int$flags                                       temp         000054
intlevel0                                       text         000000
intlevel1                                       text         000000
intlevel2                                       text         000000
intlevel3                                       text         000000
ipdb_init@x                                     cstackBANK0  00006E
ipdb_init@x_1258                                cstackBANK0  00006F
isa$std                                         (abs)        000001
isa$xinst                                       (abs)        000000
makeIpv4AddresstoStr@ip_str                     bssBANK1     000198
pad@buf                                         cstackBANK0  00007F
pad@fp                                          cstackBANK0  00007E
pad@i                                           cstackBANK0  000084
pad@p                                           cstackBANK0  000081
printf@ap                                       cstackBANK0  0000A8
printf@fmt                                      cstackBANK3  0003C8
putch@txData                                    cstackBANK0  00006F
read_prec_or_width@ap                           cstackBANK0  00006F
read_prec_or_width@c                            cstackBANK0  000072
read_prec_or_width@fmt                          cstackBANK0  00006E
read_prec_or_width@n                            cstackBANK0  000073
spi_master_open@config                          cstackBANK0  000072
stackhi                                         (abs)        000000
stacklo                                         (abs)        000000
start                                           init         0000D6
start_initialization                            cinit        0019CA
stoa@cp                                         cstackBANK0  00007F
stoa@fp                                         cstackBANK0  000078
stoa@l                                          cstackBANK0  000081
stoa@p                                          cstackBANK0  00007D
stoa@s                                          cstackBANK0  000079
strtok@p                                        bssBANK1     00014C
time@gie_val                                    cstackBANK0  000072
time@t                                          cstackBANK0  00006E
time@the_time                                   cstackBANK0  000073
ttemp5                                          temp         000055
ttemp6                                          temp         000058
ttemp7                                          temp         00005C
utoa@d                                          cstackBANK0  000087
utoa@fp                                         cstackBANK0  000086
utoa@i                                          cstackBANK0  00008F
utoa@p                                          cstackBANK0  00008D
utoa@w                                          cstackBANK0  00008B
vfpfcnvrt@ap                                    cstackBANK0  000096
vfpfcnvrt@c                                     cstackBANK0  00009F
vfpfcnvrt@convarg                               cstackBANK0  00009B
vfpfcnvrt@cp                                    cstackBANK0  0000A0
vfpfcnvrt@done                                  cstackBANK0  00009A
vfpfcnvrt@fmt                                   cstackBANK0  000095
vfpfcnvrt@fp                                    cstackBANK0  000094
vfprintf@ap                                     cstackBANK0  0000A5
vfprintf@cfmt                                   cstackBANK0  0000A6
vfprintf@fmt                                    cstackBANK0  0000A3
vfprintf@fp                                     cstackBANK0  0000A2
wtemp8                                          temp         000055


MODULE INFORMATION

Module		Function		Class		Link	Load	Size
C:\Program Files\Microchip\xc8\v3.00\pic\sources\c99\common\abs.c
		_abs           		CODE           	2562	0000	54

C:\Program Files\Microchip\xc8\v3.00\pic\sources\c99\common\abs.c estimated size: 54

C:\Program Files\Microchip\xc8\v3.00\pic\sources\c99\common\nf_fputc.c
		_fputc         		CODE           	1638	0000	188

C:\Program Files\Microchip\xc8\v3.00\pic\sources\c99\common\nf_fputc.c estimated size: 188

mcc_generated_files/TCPIPLibrary/tcpv4.c
		_TCP_Init      		CODE           	270C	0000	40

mcc_generated_files/TCPIPLibrary/tcpv4.c estimated size: 40

mcc_generated_files/interrupt_manager.c
		_INTERRUPT_Initialize		CODE           	2A62	0000	4
		_INTERRUPT_InterruptManager		CODE           	0008	0000	206

mcc_generated_files/interrupt_manager.c estimated size: 210

mcc_generated_files/TCPIPLibrary/ENC28J60.c
		_ETH_SendSystemReset		CODE           	2A04	0000	12
		_ENC28_PhyRead 		CODE           	21B8	0000	76
		_ETH_CheckLinkUp		CODE           	26E2	0000	42
		_ENC28_PhyWrite		CODE           	23AE	0000	66
		_ENC28_Bfc     		CODE           	27D0	0000	38
		_ENC28_Bfs     		CODE           	27AA	0000	38
		_ENC28_Rcr8    		CODE           	2734	0000	40
		_ENC28_Rcr16   		CODE           	224E	0000	74
		_ETH_OpenSPI   		CODE           	292E	0000	24
		_ETH_Init      		CODE           	0890	0000	558
		_ENC28_BankSel 		CODE           	2062	0000	96
		_ETH_PacketListReset		CODE           	2116	0000	82
		_ETH_GetMAC    		CODE           	1EA8	0000	134
		_ENC28_Wcr8    		CODE           	27F6	0000	38
		_ENC28_Wcr16   		CODE           	23F0	0000	66

mcc_generated_files/TCPIPLibrary/ENC28J60.c estimated size: 1384

mcc_generated_files/tmr0.c
		_TMR0_SetInterruptHandler		CODE           	2A10	0000	10
		_TMR0_DefaultInterruptHandler		CODE           	2A68	0000	2
		_TMR0_CallBack 		CODE           	268A	0000	46
		_TMR0_StartTimer		CODE           	2A5E	0000	4
		_TMR0_ISR      		CODE           	25FE	0000	48
		_TMR0_Initialize		CODE           	281C	0000	36

mcc_generated_files/tmr0.c estimated size: 146

mcc_generated_files/pin_manager.c
		_PIN_MANAGER_Initialize		CODE           	20C2	0000	84

mcc_generated_files/pin_manager.c estimated size: 84

mcc_generated_files/TCPIPLibrary/ip_database.c
		_ipdb_init     		CODE           	1C5C	0000	160

mcc_generated_files/TCPIPLibrary/ip_database.c estimated size: 160

mcc_generated_files/TCPIPLibrary/log.c
		_LOG_Init      		CODE           	1BBA	0000	162

mcc_generated_files/TCPIPLibrary/log.c estimated size: 162

mcc_generated_files/spi1.c
		_SPI1_Open     		CODE           	16F4	0000	186
		_SPI1_Initialize		CODE           	2882	0000	30
		_SPI1_ExchangeByte		CODE           	28BE	0000	30

mcc_generated_files/spi1.c estimated size: 246

mcc_generated_files/TCPIPLibrary/network.c
		_Network_Init  		CODE           	2784	0000	38
		_Network_WaitForLink		CODE           	28DC	0000	28
		_timersInit    		CODE           	28A0	0000	30

mcc_generated_files/TCPIPLibrary/network.c estimated size: 96

C:\Program Files\Microchip\xc8\v3.00\pic\sources\c99\common\printf.c
		_printf        		CODE           	2862	0000	32

C:\Program Files\Microchip\xc8\v3.00\pic\sources\c99\common\printf.c estimated size: 32

mcc_generated_files/TCPIPLibrary/arpv4.c
		_ARPV4_Init    		CODE           	25CC	0000	50

mcc_generated_files/TCPIPLibrary/arpv4.c estimated size: 50

mcc_generated_files/TCPIPLibrary/mac_address.c
		_MAC_getAddress		CODE           	29F8	0000	12

mcc_generated_files/TCPIPLibrary/mac_address.c estimated size: 12

mcc_generated_files/TCPIPLibrary/ipv4.c
		_IPV4_Init     		CODE           	2A54	0000	6

mcc_generated_files/TCPIPLibrary/ipv4.c estimated size: 6

C:\Program Files\Microchip\xc8\v3.00\pic\sources\c99\common\llmod.c
		___llmod       		CODE           	1D96	0000	138

C:\Program Files\Microchip\xc8\v3.00\pic\sources\c99\common\llmod.c estimated size: 138

C:\Program Files\Microchip\xc8\v3.00\pic\sources\c99\common\almod.c
		___almod       		CODE           	1462	0000	236

C:\Program Files\Microchip\xc8\v3.00\pic\sources\c99\common\almod.c estimated size: 236

mcc_generated_files/TCPIPLibrary/rtcc.c
		_rtcc_handler  		CODE           	29CC	0000	16
		_rtcc_init     		CODE           	2840	0000	34
		_time          		CODE           	1FFE	0000	100

mcc_generated_files/TCPIPLibrary/rtcc.c estimated size: 150

C:\Program Files\Microchip\xc8\v3.00\pic\sources\c99\common\__lldiv.c
		___lldiv       		CODE           	1A70	0000	166

C:\Program Files\Microchip\xc8\v3.00\pic\sources\c99\common\__lldiv.c estimated size: 166

mcc_generated_files/drivers/spi_master.c
		_spi_master_open		CODE           	24B4	0000	60
		_MAC_open      		CODE           	2A4C	0000	8

mcc_generated_files/drivers/spi_master.c estimated size: 68

shared
		i2_printf      		CODE           	28F8	0000	28
		_dhcpName      		MEDIUMCONST    	FDB9	0000	18
		i2_vfpfcnvrt   		CODE           	04BC	0000	980
		i2_pad         		CODE           	1F98	0000	102
		i2_abs         		CODE           	2598	0000	52
		i2_stoa        		CODE           	1360	0000	258
		i2_read_prec_or_width		CODE           	191A	0000	176
		i2_putch       		CODE           	2A42	0000	10
		i2_utoa        		CODE           	0F26	0000	278
		i2_vfprintf    		CODE           	236A	0000	68
		___secs_to_tm@days_in_month		MEDIUMCONST    	FDA5	0000	12
		_UDP_CallBackTable		MEDIUMCONST    	FDD1	0000	4
		i2_dtoa        		CODE           	0C66	0000	418
		i2___lldiv     		CODE           	1B16	0000	164
		__initialization		CODE           	19CA	0000	156
		i2_EUSART1_Write		CODE           	2946	0000	24
		_xorSequences  		MEDIUMCONST    	FD93	0000	18
		i2___aldiv     		CODE           	1256	0000	266
		i2___llmod     		CODE           	1E20	0000	136
		_broadcastMAC  		MEDIUMCONST    	FDCB	0000	6
		_severityThresholdTable		MEDIUMCONST    	FD4F	0000	48
		i2___almod     		CODE           	154E	0000	234
		i2_fputc       		CODE           	17AE	0000	186
		i2_fputs       		CODE           	2474	0000	64
		_spiMaster     		MEDIUMCONST    	FD7F	0000	20
		_spi1_configuration		MEDIUMCONST    	FDB1	0000	8

shared estimated size: 3734

mcc_generated_files/eusart1.c
		_EUSART1_Initialize		CODE           	2432	0000	66
		_putch         		CODE           	29DC	0000	14
		_EUSART1_SetFramingErrorHandler		CODE           	2A2E	0000	10
		_EUSART1_SetOverrunErrorHandler		CODE           	2A24	0000	10
		_EUSART1_SetErrorHandler		CODE           	2A38	0000	10
		_EUSART1_Write 		CODE           	2914	0000	26

mcc_generated_files/eusart1.c estimated size: 136

C:\Program Files\Microchip\xc8\v3.00\pic\sources\c99\common\nf_fputs.c
		_fputs         		CODE           	2326	0000	68

C:\Program Files\Microchip\xc8\v3.00\pic\sources\c99\common\nf_fputs.c estimated size: 68

mcc_generated_files/mcc.c
		_PMD_Initialize		CODE           	29AC	0000	16
		_OSCILLATOR_Initialize		CODE           	2988	0000	18
		_SYSTEM_Initialize		CODE           	26B8	0000	42

mcc_generated_files/mcc.c estimated size: 76

mcc_generated_files/TCPIPLibrary/dhcp_client.c
		_DHCP_init     		CODE           	29BC	0000	16

mcc_generated_files/TCPIPLibrary/dhcp_client.c estimated size: 16

mcc_generated_files/tmr1.c
		_TMR1_Initialize		CODE           	22E2	0000	68
		_TMR1_SetInterruptHandler		CODE           	2A1A	0000	10
		_TMR1_DefaultInterruptHandler		CODE           	2A66	0000	2
		_TMR1_CallBack 		CODE           	265C	0000	46
		_TMR1_WriteTimer		CODE           	275C	0000	40
		_TMR1_ISR      		CODE           	24F0	0000	60

mcc_generated_files/tmr1.c estimated size: 226

mcc_generated_files/adcc.c
		_ADCC_GetConversionResult		CODE           	295E	0000	22
		_ADCC_StartConversion		CODE           	29EA	0000	14
		_ADCC_Initialize		CODE           	262E	0000	46
		_ADCC_IsConversionDone		CODE           	2974	0000	20

mcc_generated_files/adcc.c estimated size: 102

main.c
		_ReadADCChannels		CODE           	1CFC	0000	154
		_main          		CODE           	2204	0000	74
		_my_tmr0_callback		CODE           	299A	0000	18

main.c estimated size: 246

C:\Program Files\Microchip\xc8\v3.00\pic\sources\c99\common\aldiv.c
		___aldiv       		CODE           	114A	0000	268

C:\Program Files\Microchip\xc8\v3.00\pic\sources\c99\common\aldiv.c estimated size: 268

C:\Program Files\Microchip\xc8\v3.00\pic\sources\c99\common\doprnt.c
		_read_prec_or_width		CODE           	1868	0000	178
		_vfpfcnvrt     		CODE           	00DA	0000	994
		_pad           		CODE           	1F2E	0000	106
		_dtoa          		CODE           	0ABE	0000	424
		_vfprintf      		CODE           	2298	0000	74
		_stoa          		CODE           	103C	0000	270
		_utoa          		CODE           	0E08	0000	286

C:\Program Files\Microchip\xc8\v3.00\pic\sources\c99\common\doprnt.c estimated size: 2332

