Microchip MPLAB XC8 Compiler V3.00

Linker command line:

-W-3 \
  --edf=C:\Program Files\Microchip\xc8\v3.00\pic\dat\20241204225717_en.msgs \
  -cn -h+dist/default/production\iot_4.X.production.sym \
  --cmf=dist/default/production\iot_4.X.production.cmf -z -Q18LF26K40 \
  -oC:\Users\pedro\AppData\Local\Temp\xcAsen0.\driver_tmp_3.o \
  --defsym=__MPLAB_BUILD=1 --fixupoverflow=error \
  -Mdist/default/production/iot_4.X.production.map \
  --md=C:\Users\pedro\AppData\Local\Temp\xcAsen0.\driver_tmp_0.dat -E1 \
  -ver=XC8 Compiler -ACODE=00h-0FFFFh -ACONST=00h-0FFFFh \
  -ASMALLCONST=0F00h-0FFFhx241 -AMEDIUMCONST=0F00h-0FFFFh -ACOMRAM=01h-05Fh \
  -AABS1=00h-0E87h -ABIGRAM=01h-0E87h \
  -ARAM=060h-0FFh,0100h-01FFhx13,0E00h-0E87h -ABANK0=060h-0FFh \
  -ABANK1=0100h-01FFh -ABANK2=0200h-02FFh -ABANK3=0300h-03FFh \
  -ABANK4=0400h-04FFh -ABANK5=0500h-05FFh -ABANK6=0600h-06FFh \
  -ABANK7=0700h-07FFh -ABANK8=0800h-08FFh -ABANK9=0900h-09FFh \
  -ABANK10=0A00h-0AFFh -ABANK11=0B00h-0BFFh -ABANK12=0C00h-0CFFh \
  -ABANK13=0D00h-0DFFh -ABANK14=0E00h-0E87h \
  -ASFR=0E8Dh-0EFFh,0F00h-0F5Fh,0F60h-0FFFh -ABIGSFR=0E8Dh-0FFFh \
  -ACONFIG=0300000h-030000Bh -AIDLOC=0200000h-020000Fh \
  -AEEDATA=0310000h-03103FFh -peeprom_data=EEDATA \
  -preset_vec=00h,intcode=8h,intcodelo=18h,sivt_lo,sivt_hi=CODE \
  -ppowerup=CODE,init -pramtop=0F00h -psmallconst=SMALLCONST \
  -pmediumconst=MEDIUMCONST -pconst=CONST -AFARRAM=00h-00h \
  -prdata=COMRAM,nvrram=COMRAM,nvbit=COMRAM,rbss=COMRAM,rbit=COMRAM \
  -pfarbss=FARRAM,fardata=FARRAM,nvFARRAM=FARRAM \
  -pintsave_regs=BIGRAM,bigbss=BIGRAM,bigdata=BIGRAM -pbss=RAM \
  -pidata=CODE,irdata=CODE,ibigdata=CODE,ifardata=CODE -prparam=COMRAM \
  C:\Users\pedro\AppData\Local\Temp\xcAsen0.\driver_tmp_14.o \
  dist/default/production\iot_4.X.production.o 

Object code version is 3.11

Machine type is 18LF26K40



                Name                               Link     Load   Length Selector   Space Scale
C:\Users\pedro\AppData\Local\Temp\xcAsen0.\driver_tmp_14.o
                config                           300000   300000        C        0       4
                init                                 D6       D6        4        4       0
                reset_vec                             0        0        4        0       0
dist/default/production\iot_4.X.production.o
                intcode                               8        8       CE        4       0
                config                           300000   300000        C        0       4
                temp                                 55       55        1        1       1
                mediumconst                        FD2E     FD2E      2D2     7E97       0
                text187                            7DE0     7DE0      10A        4       0
                text186                            85A8     85A8       EA        4       0
                text185                            A65A     A65A       34        4       0
                text184                            ABB0     ABB0       18        4       0
                text183                            AD66     AD66        A        4       0
                text182                            8C52     8C52       BA        4       0
                text181                            A450     A450       40        4       0
                text180                            96BA     96BA       92        4       0
                text179                            61E8     61E8      1DA        4       0
                text178                            8F28     8F28       B0        4       0
                text177                            68F6     68F6      192        4       0
                text176                            9272     9272       A4        4       0
                text175                            9A04     9A04       88        4       0
                text174                            74CC     74CC      14E        4       0
                text173                            6F22     6F22      182        4       0
                text172                            414A     414A      4D6        4       0
                text171                            A304     A304       44        4       0
                text170                            AB66     AB66       1A        4       0
                text169                            AC1E     AC1E       14        4       0
                text168                            AD9C     AD9C        2        4       0
                text167                            A7D8     A7D8       2E        4       0
                text166                            A6F0     A6F0       30        4       0
                text165                            ACB6     ACB6       10        4       0
                text164                            AD9A     AD9A        2        4       0
                text163                            A7AA     A7AA       2E        4       0
                text162                            A928     A928       28        4       0
                text161                            ABF4     ABF4       16        4       0
                text159                            A624     A624       36        4       0
                text158                            AAF6     AAF6       1E        4       0
                text157                            9DB8     9DB8       64        4       0
                text156                            A9E8     A9E8       26        4       0
                text155                            A9C2     A9C2       26        4       0
                text154                            A162     A162       4A        4       0
                text153                            A900     A900       28        4       0
                text152                            A99C     A99C       26        4       0
                text151                            A082     A082       4C        4       0
                text150                            A806     A806       2C        4       0
                text149                            A77C     A77C       2E        4       0
                text148                            AAD8     AAD8       1E        4       0
                text147                            A8D8     A8D8       28        4       0
                text146                            97DC     97DC       8C        4       0
                text145                            AA32     AA32       24        4       0
                text144                            A40E     A40E       42        4       0
                text143                            98F2     98F2       8A        4       0
                text142                            91CE     91CE       A4        4       0
                text141                            81EC     81EC       F6        4       0
                text140                            63C2     63C2      1CE        4       0
                text139                            9458     9458       9E        4       0
                text138                            82E2     82E2       EE        4       0
                text137                            9CE8     9CE8       6C        4       0
                text136                            9F32     9F32       58        4       0
                text135                            5E20     5E20      1E8        4       0
                text134                            ACA6     ACA6       10        4       0
                text133                            57D6     57D6      226        4       0
                text132                            4E64     4E64      2A4        4       0
                text131                            A118     A118       4A        4       0
                text130                            48EC     48EC      2CA        4       0
                text129                            A976     A976       26        4       0
                text128                            A5EE     A5EE       36        4       0
                text127                            4BB6     4BB6      2AE        4       0
                text126                            9C7C     9C7C       6C        4       0
                text125                            9F8A     9F8A       54        4       0
                text124                            5108     5108      266        4       0
                text123                            974C     974C       90        4       0
                text122                            AD80     AD80        8        4       0
                text121                            9D54     9D54       64        4       0
                text120                            536E     536E      236        4       0
                text119                            7FEE     7FEE      100        4       0
                text118                            7996     7996      118        4       0
                text117                            997C     997C       88        4       0
                text116                            1AB2     1AB2      770        4       0
                text115                            9ED8     9ED8       5A        4       0
                text114                            9626     9626       94        4       0
                text113                            AB98     AB98       18        4       0
                text112                            761A     761A      13C        4       0
                text111                            9E1C     9E1C       60        4       0
                text110                            9B94     9B94       7C        4       0
                text109                            6A88     6A88      190        4       0
                text108                            A74E     A74E       2E        4       0
                text107                            AC96     AC96       10        4       0
                text106                            70A4     70A4      172        4       0
                text105                            7BC4     7BC4      110        4       0
                text104                            877A     877A       E6        4       0
                text103                            80EE     80EE       FE        4       0
                text102                            2222     2222      75A        4       0
                text101                            6DA0     6DA0      182        4       0
                text100                            9C10     9C10       6C        4       0
                text99                             A886     A886       2A        4       0
                text98                             AD14     AD14        C        4       0
                text97                               DA       DA     19D8        4       0
                text96                             6590     6590      1C2        4       0
                text95                             3C70     3C70      4DA        4       0
                text94                             A2C0     A2C0       44        4       0
                text93                             8944     8944       D4        4       0
                text92                             AD78     AD78        8        4       0
                text91                             297C     297C      73A        4       0
                text90                             AC86     AC86       10        4       0
                text89                             AD5C     AD5C        A        4       0
                text88                             7AAE     7AAE      116        4       0
                text87                             ABDE     ABDE       16        4       0
                text86                             AD08     AD08        C        4       0
                text85                             A490     A490       3E        4       0
                text84                             5C1E     5C1E      202        4       0
                text83                             AC76     AC76       10        4       0
                text82                             AD52     AD52        A        4       0
                text81                             AC44     AC44       12        4       0
                text80                             A3CC     A3CC       42        4       0
                text79                             7CD4     7CD4      10C        4       0
                text78                             84BC     84BC       EC        4       0
                text77                             A5B8     A5B8       36        4       0
                text76                             AB4C     AB4C       1A        4       0
                text75                             ACE2     ACE2        E        4       0
                text74                             8ADC     8ADC       BC        4       0
                text73                             A27C     A27C       44        4       0
                text72                             9590     9590       96        4       0
                text71                             6008     6008      1E0        4       0
                text70                             8E76     8E76       B2        4       0
                text69                             6752     6752      1A4        4       0
                text68                             9128     9128       A6        4       0
                text67                             9868     9868       8A        4       0
                text66                             7376     7376      156        4       0
                text65                             6C18     6C18      188        4       0
                text64                             3788     3788      4E8        4       0
                text63                             A0CE     A0CE       4A        4       0
                text62                             A238     A238       44        4       0
                text61                             30B6     30B6      6D2        4       0
                text60                             ACD4     ACD4        E        4       0
                text59                             7216     7216      160        4       0
                text58                             59FC     59FC      222        4       0
                text57                             8D0C     8D0C       B8        4       0
                text56                             ABC8     ABC8       16        4       0
                text55                             AC0A     AC0A       14        4       0
                text54                             ACC6     ACC6        E        4       0
                text53                             AB30     AB30       1C        4       0
                text52                             94F6     94F6       9A        4       0
                text51                             A720     A720       2E        4       0
                text50                             AD48     AD48        A        4       0
                text49                             AD3E     AD3E        A        4       0
                text48                             AD34     AD34        A        4       0
                text47                             A38A     A38A       42        4       0
                text46                             AD92     AD92        4        4       0
                text45                             9A8C     9A8C       86        4       0
                text44                             A68E     A68E       32        4       0
                text43                             AC66     AC66       10        4       0
                text42                             A348     A348       42        4       0
                text41                             8B98     8B98       BA        4       0
                text40                             AD70     AD70        8        4       0
                text39                             A50A     A50A       3C        4       0
                text38                             AB80     AB80       18        4       0
                text37                             A030     A030       52        4       0
                text36                             ACFC     ACFC        C        4       0
                text35                             ACF0     ACF0        C        4       0
                text34                             55A4     55A4      232        4       0
                text33                             93B8     93B8       A0        4       0
                text32                             AD88     AD88        6        4       0
                text31                             9316     9316       A2        4       0
                text30                             AB14     AB14       1C        4       0
                text29                             A8B0     A8B0       28        4       0
                text28                             AD2A     AD2A        A        4       0
                text27                             AA78     AA78       22        4       0
                text26                             AABA     AABA       1E        4       0
                text25                             A950     A950       26        4       0
                text24                             AC32     AC32       12        4       0
                text23                             9FDE     9FDE       52        4       0
                text22                             AC56     AC56       10        4       0
                text21                             AA0E     AA0E       24        4       0
                text20                             AD20     AD20        A        4       0
                text19                             AA56     AA56       22        4       0
                text18                             A1F4     A1F4       44        4       0
                text17                             A85C     A85C       2A        4       0
                text16                             9082     9082       A6        4       0
                text15                             8A18     8A18       C4        4       0
                text14                             A580     A580       38        4       0
                text13                             83D0     83D0       EC        4       0
                text12                             8DC4     8DC4       B2        4       0
                text11                             9B12     9B12       82        4       0
                text10                             8FD8     8FD8       AA        4       0
                text9                              787A     787A      11C        4       0
                text8                              A1AC     A1AC       48        4       0
                text7                              9E7C     9E7C       5C        4       0
                text6                              7EEA     7EEA      104        4       0
                text5                              8860     8860       E4        4       0
                text4                              A832     A832       2A        4       0
                text3                              4620     4620      2CC        4       0
                text2                              AD8E     AD8E        4        4       0
                text1                              A546     A546       3A        4       0
                text0                              7756     7756      124        4       0
                cstackCOMRAM                          1        1       42        1       1
                cstackBANK0                          60       60       90       60       1
                cstackBANK1                         100      100       A9      100       1
                cstackBANK2                         29C      29C       2D      200       1
                cstackBANK6                         600      600       62      600       1
                dataBANK5                           59A      59A       20      500       1
                bssBANK5                            500      500       9A      500       1
                bssBANK4                            400      400       FA      400       1
                dataBANK3                           3B8      3B8       3C      300       1
                bssBANK3                            300      300       B8      300       1
                dataBANK2                           26C      26C       30      200       1
                bssBANK2                            200      200       6C      200       1
                dataBANK1                           1E8      1E8        2      100       1
                bssBANK1                            1A9      1A9       3F      100       1
                bssBANK0                             F0       F0        2       60       1
                dataCOMRAM                           53       53        2        1       1
                bssCOMRAM                            43       43       10        1       1
                cinit                              8692     8692       E8        4       0
                nvBANK3                             3F4      3F4        8      300       1
                nvBANK2                             2C9      2C9        2      200       1
                idataBANK5                         AA9A     AA9A       20        4       0
                idataBANK3                         A4CE     A4CE       3C        4       0
                idataBANK2                         A6C0     A6C0       30        4       0
                idataBANK1                         AD98     AD98        2        4       0
                idataCOMRAM                        AD96     AD96        2        4       0

TOTAL           Name                               Link     Load   Length     Space
        CLASS   CODE           
                intcode                               8        8       CE         0
                init                                 D6       D6        4         0
                reset_vec                             0        0        4         0
                text187                            7DE0     7DE0      10A         0
                text186                            85A8     85A8       EA         0
                text185                            A65A     A65A       34         0
                text184                            ABB0     ABB0       18         0
                text183                            AD66     AD66        A         0
                text182                            8C52     8C52       BA         0
                text181                            A450     A450       40         0
                text180                            96BA     96BA       92         0
                text179                            61E8     61E8      1DA         0
                text178                            8F28     8F28       B0         0
                text177                            68F6     68F6      192         0
                text176                            9272     9272       A4         0
                text175                            9A04     9A04       88         0
                text174                            74CC     74CC      14E         0
                text173                            6F22     6F22      182         0
                text172                            414A     414A      4D6         0
                text171                            A304     A304       44         0
                text170                            AB66     AB66       1A         0
                text169                            AC1E     AC1E       14         0
                text168                            AD9C     AD9C        2         0
                text167                            A7D8     A7D8       2E         0
                text166                            A6F0     A6F0       30         0
                text165                            ACB6     ACB6       10         0
                text164                            AD9A     AD9A        2         0
                text163                            A7AA     A7AA       2E         0
                text162                            A928     A928       28         0
                text161                            ABF4     ABF4       16         0
                text159                            A624     A624       36         0
                text158                            AAF6     AAF6       1E         0
                text157                            9DB8     9DB8       64         0
                text156                            A9E8     A9E8       26         0
                text155                            A9C2     A9C2       26         0
                text154                            A162     A162       4A         0
                text153                            A900     A900       28         0
                text152                            A99C     A99C       26         0
                text151                            A082     A082       4C         0
                text150                            A806     A806       2C         0
                text149                            A77C     A77C       2E         0
                text148                            AAD8     AAD8       1E         0
                text147                            A8D8     A8D8       28         0
                text146                            97DC     97DC       8C         0
                text145                            AA32     AA32       24         0
                text144                            A40E     A40E       42         0
                text143                            98F2     98F2       8A         0
                text142                            91CE     91CE       A4         0
                text141                            81EC     81EC       F6         0
                text140                            63C2     63C2      1CE         0
                text139                            9458     9458       9E         0
                text138                            82E2     82E2       EE         0
                text137                            9CE8     9CE8       6C         0
                text136                            9F32     9F32       58         0
                text135                            5E20     5E20      1E8         0
                text134                            ACA6     ACA6       10         0
                text133                            57D6     57D6      226         0
                text132                            4E64     4E64      2A4         0
                text131                            A118     A118       4A         0
                text130                            48EC     48EC      2CA         0
                text129                            A976     A976       26         0
                text128                            A5EE     A5EE       36         0
                text127                            4BB6     4BB6      2AE         0
                text126                            9C7C     9C7C       6C         0
                text125                            9F8A     9F8A       54         0
                text124                            5108     5108      266         0
                text123                            974C     974C       90         0
                text122                            AD80     AD80        8         0
                text121                            9D54     9D54       64         0
                text120                            536E     536E      236         0
                text119                            7FEE     7FEE      100         0
                text118                            7996     7996      118         0
                text117                            997C     997C       88         0
                text116                            1AB2     1AB2      770         0
                text115                            9ED8     9ED8       5A         0
                text114                            9626     9626       94         0
                text113                            AB98     AB98       18         0
                text112                            761A     761A      13C         0
                text111                            9E1C     9E1C       60         0
                text110                            9B94     9B94       7C         0
                text109                            6A88     6A88      190         0
                text108                            A74E     A74E       2E         0
                text107                            AC96     AC96       10         0
                text106                            70A4     70A4      172         0
                text105                            7BC4     7BC4      110         0
                text104                            877A     877A       E6         0
                text103                            80EE     80EE       FE         0
                text102                            2222     2222      75A         0
                text101                            6DA0     6DA0      182         0
                text100                            9C10     9C10       6C         0
                text99                             A886     A886       2A         0
                text98                             AD14     AD14        C         0
                text97                               DA       DA     19D8         0
                text96                             6590     6590      1C2         0
                text95                             3C70     3C70      4DA         0
                text94                             A2C0     A2C0       44         0
                text93                             8944     8944       D4         0
                text92                             AD78     AD78        8         0
                text91                             297C     297C      73A         0
                text90                             AC86     AC86       10         0
                text89                             AD5C     AD5C        A         0
                text88                             7AAE     7AAE      116         0
                text87                             ABDE     ABDE       16         0
                text86                             AD08     AD08        C         0
                text85                             A490     A490       3E         0
                text84                             5C1E     5C1E      202         0
                text83                             AC76     AC76       10         0
                text82                             AD52     AD52        A         0
                text81                             AC44     AC44       12         0
                text80                             A3CC     A3CC       42         0
                text79                             7CD4     7CD4      10C         0
                text78                             84BC     84BC       EC         0
                text77                             A5B8     A5B8       36         0
                text76                             AB4C     AB4C       1A         0
                text75                             ACE2     ACE2        E         0
                text74                             8ADC     8ADC       BC         0
                text73                             A27C     A27C       44         0
                text72                             9590     9590       96         0
                text71                             6008     6008      1E0         0
                text70                             8E76     8E76       B2         0
                text69                             6752     6752      1A4         0
                text68                             9128     9128       A6         0
                text67                             9868     9868       8A         0
                text66                             7376     7376      156         0
                text65                             6C18     6C18      188         0
                text64                             3788     3788      4E8         0
                text63                             A0CE     A0CE       4A         0
                text62                             A238     A238       44         0
                text61                             30B6     30B6      6D2         0
                text60                             ACD4     ACD4        E         0
                text59                             7216     7216      160         0
                text58                             59FC     59FC      222         0
                text57                             8D0C     8D0C       B8         0
                text56                             ABC8     ABC8       16         0
                text55                             AC0A     AC0A       14         0
                text54                             ACC6     ACC6        E         0
                text53                             AB30     AB30       1C         0
                text52                             94F6     94F6       9A         0
                text51                             A720     A720       2E         0
                text50                             AD48     AD48        A         0
                text49                             AD3E     AD3E        A         0
                text48                             AD34     AD34        A         0
                text47                             A38A     A38A       42         0
                text46                             AD92     AD92        4         0
                text45                             9A8C     9A8C       86         0
                text44                             A68E     A68E       32         0
                text43                             AC66     AC66       10         0
                text42                             A348     A348       42         0
                text41                             8B98     8B98       BA         0
                text40                             AD70     AD70        8         0
                text39                             A50A     A50A       3C         0
                text38                             AB80     AB80       18         0
                text37                             A030     A030       52         0
                text36                             ACFC     ACFC        C         0
                text35                             ACF0     ACF0        C         0
                text34                             55A4     55A4      232         0
                text33                             93B8     93B8       A0         0
                text32                             AD88     AD88        6         0
                text31                             9316     9316       A2         0
                text30                             AB14     AB14       1C         0
                text29                             A8B0     A8B0       28         0
                text28                             AD2A     AD2A        A         0
                text27                             AA78     AA78       22         0
                text26                             AABA     AABA       1E         0
                text25                             A950     A950       26         0
                text24                             AC32     AC32       12         0
                text23                             9FDE     9FDE       52         0
                text22                             AC56     AC56       10         0
                text21                             AA0E     AA0E       24         0
                text20                             AD20     AD20        A         0
                text19                             AA56     AA56       22         0
                text18                             A1F4     A1F4       44         0
                text17                             A85C     A85C       2A         0
                text16                             9082     9082       A6         0
                text15                             8A18     8A18       C4         0
                text14                             A580     A580       38         0
                text13                             83D0     83D0       EC         0
                text12                             8DC4     8DC4       B2         0
                text11                             9B12     9B12       82         0
                text10                             8FD8     8FD8       AA         0
                text9                              787A     787A      11C         0
                text8                              A1AC     A1AC       48         0
                text7                              9E7C     9E7C       5C         0
                text6                              7EEA     7EEA      104         0
                text5                              8860     8860       E4         0
                text4                              A832     A832       2A         0
                text3                              4620     4620      2CC         0
                text2                              AD8E     AD8E        4         0
                text1                              A546     A546       3A         0
                text0                              7756     7756      124         0
                cinit                              8692     8692       E8         0
                idataBANK5                         AA9A     AA9A       20         0
                idataBANK3                         A4CE     A4CE       3C         0
                idataBANK2                         A6C0     A6C0       30         0
                idataBANK1                         AD98     AD98        2         0
                idataCOMRAM                        AD96     AD96        2         0

        CLASS   CONST          

        CLASS   SMALLCONST     

        CLASS   MEDIUMCONST    
                mediumconst                        FD2E     FD2E      2D2         0

        CLASS   COMRAM         
                temp                                 55       55        1         1
                cstackCOMRAM                          1        1       42         1
                dataCOMRAM                           53       53        2         1
                bssCOMRAM                            43       43       10         1

        CLASS   ABS1           

        CLASS   BIGRAM         

        CLASS   RAM            

        CLASS   BANK0          
                cstackBANK0                          60       60       90         1
                bssBANK0                             F0       F0        2         1

        CLASS   BANK1          
                cstackBANK1                         100      100       A9         1
                dataBANK1                           1E8      1E8        2         1
                bssBANK1                            1A9      1A9       3F         1

        CLASS   BANK2          
                cstackBANK2                         29C      29C       2D         1
                dataBANK2                           26C      26C       30         1
                bssBANK2                            200      200       6C         1
                nvBANK2                             2C9      2C9        2         1

        CLASS   BANK3          
                dataBANK3                           3B8      3B8       3C         1
                bssBANK3                            300      300       B8         1
                nvBANK3                             3F4      3F4        8         1

        CLASS   BANK4          
                bssBANK4                            400      400       FA         1

        CLASS   BANK5          
                dataBANK5                           59A      59A       20         1
                bssBANK5                            500      500       9A         1

        CLASS   BANK6          
                cstackBANK6                         600      600       62         1

        CLASS   BANK7          

        CLASS   BANK8          

        CLASS   BANK9          

        CLASS   BANK10         

        CLASS   BANK11         

        CLASS   BANK12         

        CLASS   BANK13         

        CLASS   BANK14         

        CLASS   SFR            

        CLASS   BIGSFR         

        CLASS   CONFIG         
                config                           300000   300000        C         4

        CLASS   IDLOC          

        CLASS   EEDATA         

        CLASS   FARRAM         

        CLASS   HEAP           

        CLASS   STACK          



SEGMENTS        Name                           Load    Length   Top    Selector   Space  Class

                reset_vec                      000000  000004  000004         0       0  CODE    
                cstackCOMRAM                   000001  000055  000056         1       1  COMRAM  
                intcode                        000008  00AD96  00AD9E         4       0  CODE    
                cstackBANK0                    000060  000092  0000F2        60       1  BANK0   
                cstackBANK1                    000100  0000EA  0001EA       100       1  BANK1   
                bssBANK2                       000200  0000CB  0002CB       200       1  BANK2   
                bssBANK3                       000300  0000FC  0003FC       300       1  BANK3   
                bssBANK4                       000400  0000FA  0004FA       400       1  BANK4   
                bssBANK5                       000500  0000BA  0005BA       500       1  BANK5   
                cstackBANK6                    000600  000062  000662       600       1  BANK6   
                mediumconst                    00FD2E  0002D2  010000      7E97       0  MEDIUMCO


UNUSED ADDRESS RANGES

        Name                Unused          Largest block    Delta
        BANK0            0000F2-0000FF                E
        BANK1            0001EA-0001FF               16
        BANK10           000A00-000AFF              100
        BANK11           000B00-000BFF              100
        BANK12           000C00-000CFF              100
        BANK13           000D00-000DFF              100
        BANK14           000E00-000E87               88
        BANK2            0002CB-0002FF               35
        BANK3            0003FC-0003FF                4
        BANK4            0004FA-0004FF                6
        BANK5            0005BA-0005FF               46
        BANK6            000662-0006FF               9E
        BANK7            000700-0007FF              100
        BANK8            000800-0008FF              100
        BANK9            000900-0009FF              100
        BIGRAM           000056-00005F                A
                         0000F2-0000FF                E
                         0001EA-0001FF               16
                         0002CB-0002FF               35
                         0003FC-0003FF                4
                         0004FA-0004FF                6
                         0005BA-0005FF               46
                         000662-000E87              826
        BIGSFR           000E8D-000FFF              173
        CODE             000004-000007                4
                         00AD9E-00FD2D             4F90
        COMRAM           000056-00005F                A
        CONST            000004-000007                4
                         00AD9E-00FD2D             4F90
        EEDATA           310000-3103FF              400
        IDLOC            200000-20000F               10
        MEDIUMCONST      00AD9E-00FD2D             4F90
        RAM              0000F2-0000FF                E
                         0001EA-0001FF               16
                         0002CB-0002FF               35
                         0003FC-0003FF                4
                         0004FA-0004FF                6
                         0005BA-0005FF               46
                         000662-000E87              100
        SFR              000E8D-000FFF               73
        SMALLCONST       00AD9E-00FD2D              100

                                  Symbol Table

?_ADCC_GetConversionResult                      cstackBANK0  00006E
?_ARPV4_Lookup                                  cstackBANK0  00006E
?_ENC28_PhyRead                                 cstackBANK0  000076
?_ENC28_Rcr16                                   cstackBANK0  000071
?_ETH_ComputeChecksum                           cstackBANK0  000070
?_ETH_GetByteCount                              cstackBANK0  000076
?_ETH_GetReadPtr                                cstackBANK0  000076
?_ETH_GetRxByteCount                            cstackBANK0  00006E
?_ETH_NewPacket                                 cstackBANK0  00006E
?_ETH_Read16                                    cstackBANK0  00006F
?_ETH_Read32                                    cstackBANK0  00006F
?_ETH_ReadBlock                                 cstackBANK0  00006F
?_ETH_RxComputeChecksum                         cstackBANK0  000082
?_ETH_TxComputeChecksum                         cstackBANK0  000076
?_IPV4_GetDatagramLength                        cstackBANK0  00006E
?_IPV4_PseudoHeaderChecksum                     cstackBANK0  00006E
?_MAC_getAddress                                cstackBANK0  00006E
?_Network_GetStartPosition                      cstackBANK0  00006E
?_TCP_GetReceivedData                           cstackBANK0  000075
?_TCP_GetRxLength                               cstackBANK0  000075
?___aldiv                                       cstackBANK0  00006E
?___almod                                       cstackBANK0  00006E
?___lldiv                                       cstackBANK0  00006E
?___llmod                                       cstackBANK0  00006E
?_abs                                           cstackBANK0  000078
?_makeIpv4AddresstoStr                          cstackBANK0  0000C6
?_memcmp                                        cstackBANK0  00006E
?_printf                                        cstackBANK0  0000AE
?_read_prec_or_width                            cstackBANK0  00006E
?_sprintf                                       cstackBANK0  0000AE
?_strlen                                        cstackBANK0  00006E
?_time                                          cstackBANK0  00006E
?_udp_table_getIterator                         cstackBANK0  00006E
?_udp_table_nextEntry                           cstackBANK0  00006E
?_vfprintf                                      cstackBANK0  0000A8
?i2___aldiv                                     cstackCOMRAM 000001
?i2___almod                                     cstackCOMRAM 000001
?i2___lldiv                                     cstackCOMRAM 000001
?i2___llmod                                     cstackCOMRAM 000001
?i2_abs                                         cstackCOMRAM 00000B
?i2_printf                                      cstackCOMRAM 000040
?i2_read_prec_or_width                          cstackCOMRAM 000001
?i2_vfprintf                                    cstackCOMRAM 00003A
ADCC_StartConversion@channel                    cstackBANK0  00006E
ARPV4_Init@x                                    cstackBANK0  000075
ARPV4_Lookup@entry_pointer                      cstackBANK0  000076
ARPV4_Lookup@ip_address                         cstackBANK0  00006E
ARPV4_Lookup@x                                  cstackBANK0  000078
ARPV4_Packet@arpPtr                             cstackBANK0  0000B5
ARPV4_Packet@entryPointer                       cstackBANK0  0000B9
ARPV4_Packet@header                             cstackBANK0  0000BB
ARPV4_Packet@length                             cstackBANK0  0000B1
ARPV4_Packet@mergeFlag                          cstackBANK0  0000B3
ARPV4_Packet@ret                                cstackBANK0  0000B4
ARPV4_Packet@x                                  cstackBANK0  0000B7
ARPV4_Packet@x_2902                             cstackBANK0  0000B8
ARPV4_Request@destAddress                       cstackBANK0  000089
ARPV4_Request@header                            cstackBANK0  0000AE
ARPV4_Request@ret                               cstackBANK0  0000AD
ARPV4_Update@entryPointer                       cstackBANK0  00006E
ARPV4_Update@x                                  cstackBANK0  000070
DHCP_Handler@F1305                              dataBANK3    0003B8
DHCP_Handler@a                                  cstackBANK1  000110
DHCP_Handler@a_4366                             cstackBANK1  000114
DHCP_Handler@acceptACK                          cstackBANK1  000123
DHCP_Handler@acceptNACK                         cstackBANK1  000122
DHCP_Handler@acceptOffers                       cstackBANK1  000121
DHCP_Handler@chaddr                             cstackBANK1  000100
DHCP_Handler@count                              cstackBANK1  00011F
DHCP_Handler@count_4365                         cstackBANK1  000120
DHCP_Handler@declineOffers                      cstackBANK1  00011E
DHCP_Handler@length                             cstackBANK0  0000E9
DHCP_Handler@localData                          cstackBANK1  000129
DHCP_Handler@messageType                        cstackBANK1  000119
DHCP_Handler@option                             cstackBANK1  000118
DHCP_Handler@optionLength                       cstackBANK1  000128
DHCP_Handler@origLeaseTime                      cstackBANK1  000124
DHCP_Handler@siaddr                             cstackBANK1  00011A
DHCP_Manage@managementTimer                     bssBANK3     000317
DHCP_Manage@now                                 cstackBANK0  0000EC
DHCP_WriteZeros@length                          cstackBANK0  000070
ENC28_BankSel@a                                 cstackBANK0  000070
ENC28_BankSel@r                                 cstackBANK0  00006F
ENC28_Bfc@a                                     cstackBANK0  000072
ENC28_Bfc@bits                                  cstackBANK0  000071
ENC28_Bfs@a                                     cstackBANK0  000072
ENC28_Bfs@bits                                  cstackBANK0  000071
ENC28_PhyRead@a                                 cstackBANK0  000079
ENC28_PhyWrite@a                                cstackBANK0  000076
ENC28_PhyWrite@d                                cstackBANK0  000074
ENC28_PhyWrite@v                                cstackBANK0  000077
ENC28_Rcr16@a                                   cstackBANK0  000075
ENC28_Rcr16@v                                   cstackBANK0  000073
ENC28_Rcr8@a                                    cstackBANK0  000072
ENC28_Rcr8@v                                    cstackBANK0  000071
ENC28_Wcr16@a                                   cstackBANK0  000073
ENC28_Wcr16@v                                   cstackBANK0  000071
ENC28_Wcr8@a                                    cstackBANK0  000072
ENC28_Wcr8@v                                    cstackBANK0  000071
ETH_CheckLinkUp@phstat2                         cstackBANK0  00007A
ETH_ComputeChecksum@cksm                        cstackBANK0  00007C
ETH_ComputeChecksum@len                         cstackBANK0  000070
ETH_ComputeChecksum@seed                        cstackBANK0  000072
ETH_ComputeChecksum@v                           cstackBANK0  000080
ETH_Copy@len                                    cstackBANK0  000076
ETH_Copy@temp_len                               cstackBANK0  00007E
ETH_Copy@timer                                  cstackBANK0  00007C
ETH_Copy@tx_buffer_address                      cstackBANK0  00007A
ETH_Dump@length                                 cstackBANK0  000076
ETH_Dump@newRXTail                              cstackBANK0  000078
ETH_EventHandler@eir_val                        cstackBANK0  000084
ETH_EventHandler@phstat2_val                    cstackBANK0  000081
ETH_GetByteCount@wptr                           cstackBANK0  000078
ETH_GetMAC@macAddr                              cstackBANK0  000073
ETH_Insert@current_tx_pointer                   cstackBANK0  00007E
ETH_Insert@data                                 cstackBANK0  000076
ETH_Insert@len                                  cstackBANK0  000078
ETH_Insert@offset                               cstackBANK0  00007A
ETH_NewPacket@index                             cstackBANK0  000072
ETH_PacketListReset@index                       cstackBANK0  000070
ETH_PacketListReset@ptr                         cstackBANK0  00006E
ETH_Read16@b                                    cstackBANK0  000072
ETH_Read32@b                                    cstackBANK0  000073
ETH_Read8@b                                     cstackBANK0  00006F
ETH_ReadBlock@buffer                            cstackBANK0  00006F
ETH_ReadBlock@length                            cstackBANK0  000071
ETH_ReadBlock@p                                 cstackBANK0  000073
ETH_ReadBlock@readCount                         cstackBANK0  000075
ETH_RemovePacket@pPacket                        cstackBANK0  00006E
ETH_RxComputeChecksum@cksm                      cstackBANK0  00008C
ETH_RxComputeChecksum@len                       cstackBANK0  000082
ETH_RxComputeChecksum@rxptr                     cstackBANK0  00008A
ETH_RxComputeChecksum@seed                      cstackBANK0  000084
ETH_Send@packetEnd                              cstackBANK0  00007D
ETH_SendQueued@econ1                            cstackBANK0  000078
ETH_SetReadPtr@rdptr                            cstackBANK0  000074
ETH_SetRxByteCount@count                        cstackBANK0  000070
ETH_Shift_Tx_Packets@econ1                      cstackBANK0  00007C
ETH_Shift_Tx_Packets@len                        cstackBANK0  00007D
ETH_Shift_Tx_Packets@pElem                      cstackBANK0  00007F
ETH_Shift_Tx_Packets@shiftOffset                cstackBANK0  000078
ETH_Shift_Tx_Packets@timer                      cstackBANK0  00007A
ETH_TxComputeChecksum@cksm                      cstackBANK0  000084
ETH_TxComputeChecksum@length                    cstackBANK0  000078
ETH_TxComputeChecksum@position                  cstackBANK0  000076
ETH_TxComputeChecksum@seed                      cstackBANK0  00007A
ETH_Write16@data                                cstackBANK0  00006F
ETH_Write32@data                                cstackBANK0  00006F
ETH_Write8@data                                 cstackBANK0  00006F
ETH_WriteBlock@data                             cstackBANK0  00006F
ETH_WriteBlock@length                           cstackBANK0  000071
ETH_WriteBlock@p                                cstackBANK0  000073
ETH_WriteStart@dest_mac                         cstackBANK0  000081
ETH_WriteStart@ethPacket                        cstackBANK0  000087
ETH_WriteStart@type                             cstackBANK0  000083
ETH_WriteString@length                          cstackBANK0  000071
ETH_WriteString@string                          cstackBANK0  00006F
EUSART1_SetErrorHandler@interruptHandler        cstackBANK0  00006E
EUSART1_SetFramingErrorHandler@interruptHandler cstackBANK0  00006E
EUSART1_SetOverrunErrorHandler@interruptHandler cstackBANK0  00006E
EUSART1_Write@txData                            cstackBANK0  00006E
ICMP_EchoReply@cksm                             cstackBANK0  0000EA
ICMP_EchoReply@icmp_cksm_start                  cstackBANK0  0000E8
ICMP_EchoReply@identifier                       cstackBANK0  0000E4
ICMP_EchoReply@ipv4Hdr                          cstackBANK0  0000DE
ICMP_EchoReply@ipv4PayloadLength                cstackBANK0  0000EC
ICMP_EchoReply@ret                              cstackBANK0  0000EE
ICMP_EchoReply@sequence                         cstackBANK0  0000E6
ICMP_PortUnreachable@cksm                       cstackBANK0  0000E8
ICMP_PortUnreachable@destIPAddress              cstackBANK0  0000E2
ICMP_PortUnreachable@length                     cstackBANK0  0000E6
ICMP_PortUnreachable@ret                        cstackBANK0  0000EA
ICMP_PortUnreachable@srcIPAddress               cstackBANK0  0000DE
ICMP_Receive@icmpHdr                            cstackBANK1  000108
ICMP_Receive@ipv4Hdr                            cstackBANK1  000100
IPV4_Packet@cksm                                cstackBANK2  0002C7
IPV4_Packet@hdrLen                              cstackBANK2  0002C4
IPV4_Packet@length                              cstackBANK2  0002C5
IPV4_Packet@msg                                 cstackBANK2  00029C
IPV4_PseudoHeaderChecksum@cksm                  cstackBANK0  00007A
IPV4_PseudoHeaderChecksum@len                   cstackBANK0  000079
IPV4_PseudoHeaderChecksum@payloadLen            cstackBANK0  00006E
IPV4_PseudoHeaderChecksum@tmp                   cstackBANK0  00007E
IPV4_PseudoHeaderChecksum@v                     cstackBANK0  000078
IPV4_Send@cksm                                  cstackBANK0  00008F
IPV4_Send@payloadLength                         cstackBANK0  000088
IPV4_Send@ret                                   cstackBANK0  00008E
IPV4_Send@totalLength                           cstackBANK0  000091
IPv4_Start@destAddress                          cstackBANK0  0000CA
IPv4_Start@destMacAddress                       cstackBANK0  0000DB
IPv4_Start@protocol                             cstackBANK0  0000CE
IPv4_Start@ret                                  cstackBANK0  0000DD
IPv4_Start@targetAddress                        cstackBANK0  0000D7
LOG_Init@t                                      cstackBANK0  0000D5
LOG_Init@x                                      cstackBANK0  0000D9
Network_Manage@now                              cstackBANK1  0001A3
Network_Manage@nowPv                            bssBANK3     00031F
Network_Read@debug_str                          cstackBANK6  000600
Network_Read@header                             cstackBANK6  000654
Network_Read@t                                  cstackBANK6  000650
SPI1_ExchangeByte@data                          cstackBANK0  00006E
SPI1_Open@spi1UniqueConfiguration               cstackBANK0  00006F
TCB_Check@count                                 cstackBANK0  000072
TCB_Check@ptr                                   cstackBANK0  00006E
TCB_Check@ret                                   cstackBANK0  000071
TCB_Check@tcbPtr                                cstackBANK0  000073
TCB_Insert@ptr                                  cstackBANK0  00006E
TCB_Remove@ptr                                  cstackBANK0  00006E
TCB_Reset@tcbPtr                                cstackBANK0  00006E
TCP_Client@i                                    cstackBANK1  00015E
TCP_Client@portTCB                              bssBANK3     00032B
TCP_Client@rx_len                               cstackBANK1  000160
TCP_Client@rxdata                               bssBANK4     0004C8
TCP_Client@socketState                          cstackBANK1  00015D
TCP_Client@socketTimeout                        bssBANK2     00023A
TCP_Client@t_client                             bssBANK1     0001E4
TCP_Client@txdata                               bssBANK5     000568
TCP_Close@tcbPtr                                cstackBANK0  0000EC
TCP_Connect@srvaddr                             cstackBANK0  0000EE
TCP_Connect@tcbPtr                              cstackBANK0  0000EC
TCP_FiniteStateMachine@event                    cstackBANK1  000157
TCP_FiniteStateMachine@nextState                cstackBANK1  000158
TCP_FiniteStateMachine@notAckBytes              cstackBANK1  000155
TCP_FiniteStateMachine@ret                      cstackBANK1  000154
TCP_GetReceivedData@ret                         cstackBANK0  00007B
TCP_GetReceivedData@tcbPtr                      cstackBANK0  000075
TCP_GetRxLength@ret                             cstackBANK0  00007B
TCP_GetRxLength@tcbPtr                          cstackBANK0  000075
TCP_InsertRxBuffer@data                         cstackBANK0  000077
TCP_InsertRxBuffer@data_len                     cstackBANK0  000079
TCP_InsertRxBuffer@tcbPtr                       cstackBANK0  000075
TCP_ParseTCPOptions@opt                         cstackBANK0  00007D
TCP_ParseTCPOptions@ret                         cstackBANK0  00007C
TCP_ParseTCPOptions@tcpOptionsSize              cstackBANK0  00007E
TCP_PayloadSave@buffer_size                     cstackBANK0  0000EA
TCP_PayloadSave@len                             cstackBANK0  0000E0
TCP_Recv@count                                  cstackBANK0  0000EC
TCP_Recv@length                                 cstackBANK1  00015D
TCP_Recv@remoteAddress                          cstackBANK1  000159
TCP_Recv@tcbPtr                                 cstackBANK0  0000ED
TCP_Send@data                                   cstackBANK0  0000E2
TCP_Send@dataLen                                cstackBANK0  0000E4
TCP_Send@ret                                    cstackBANK0  0000E6
TCP_Send@tcbPtr                                 cstackBANK0  0000E0
TCP_SendDone@ret                                cstackBANK0  000077
TCP_SendDone@tcbPtr                             cstackBANK0  000075
TCP_Snd@cksm                                    cstackBANK1  000126
TCP_Snd@data                                    cstackBANK1  000124
TCP_Snd@payloadLength                           cstackBANK1  000128
TCP_Snd@ret                                     cstackBANK1  00012A
TCP_Snd@tcbPtr                                  cstackBANK0  0000DE
TCP_Snd@txHeader                                cstackBANK1  00012B
TCP_SocketInit@tcbPtr                           cstackBANK0  000075
TCP_SocketPoll@socket_ptr                       cstackBANK0  000075
TCP_SocketPoll@tmpSocketState                   cstackBANK0  000077
TCP_SocketRemove@tcbPtr                         cstackBANK0  000078
TCP_Update@count                                cstackBANK1  000159
TCP_Update@retries                              cstackBANK1  00015B
TCP_Update@tcbPtr                               cstackBANK1  00015D
TMR0_ISR@CountCallBack                          bssBANK1     0001B1
TMR0_SetInterruptHandler@InterruptHandler       cstackBANK0  00006E
TMR1_SetInterruptHandler@InterruptHandler       cstackBANK0  00006E
TMR1_WriteTimer@timerVal                        cstackCOMRAM 000001
UDP_Receive@hptr                                cstackBANK1  000160
UDP_Receive@ret                                 cstackBANK1  00015F
UDP_Receive@udpcksm                             cstackBANK1  000159
UDP_Send@cksm                                   cstackBANK0  000097
UDP_Send@udpLength                              cstackBANK0  000099
UDP_Start@destIP                                cstackBANK0  0000DE
UDP_Start@dstPort                               cstackBANK0  0000E4
UDP_Start@ret                                   cstackBANK0  0000E6
UDP_Start@srcPort                               cstackBANK0  0000E2
_ADACCH                                         (abs)        000F71
_ADACCL                                         (abs)        000F70
_ADACQ                                          (abs)        000F5C
_ADACT                                          (abs)        000F56
_ADCAP                                          (abs)        000F5D
_ADCC_GetConversionResult                       text56       00ABC8
_ADCC_Initialize                                text51       00A720
_ADCC_IsConversionDone                          text55       00AC0A
_ADCC_StartConversion                           text54       00ACC6
_ADCLK                                          (abs)        000F57
_ADCNT                                          (abs)        000F67
_ADCON0                                         (abs)        000F60
_ADCON0bits                                     (abs)        000F60
_ADCON1                                         (abs)        000F59
_ADCON1bits                                     (abs)        000F59
_ADCON2                                         (abs)        000F5A
_ADCON2bits                                     (abs)        000F5A
_ADCON3                                         (abs)        000F5B
_ADCON3bits                                     (abs)        000F5B
_ADERRH                                         (abs)        000F6F
_ADERRL                                         (abs)        000F6E
_ADFLTRH                                        (abs)        000F73
_ADFLTRL                                        (abs)        000F72
_ADLTHH                                         (abs)        000F6B
_ADLTHL                                         (abs)        000F6A
_ADPCH                                          (abs)        000F5F
_ADPRE                                          (abs)        000F5E
_ADPREVH                                        (abs)        000F62
_ADPREVL                                        (abs)        000F61
_ADREF                                          (abs)        000F58
_ADRESH                                         (abs)        000F64
_ADRESL                                         (abs)        000F63
_ADRPT                                          (abs)        000F66
_ADSTAT                                         (abs)        000F65
_ADSTATbits                                     (abs)        000F65
_ADSTPTH                                        (abs)        000F69
_ADSTPTL                                        (abs)        000F68
_ADUTHH                                         (abs)        000F6D
_ADUTHL                                         (abs)        000F6C
_ANSELA                                         (abs)        000F11
_ANSELB                                         (abs)        000F19
_ANSELC                                         (abs)        000F21
_ARPV4_Init                                     text44       00A68E
_ARPV4_Lookup                                   text137      009CE8
_ARPV4_Packet                                   text116      001AB2
_ARPV4_Request                                  text130      0048EC
_ARPV4_Update                                   text159      00A624
_BAUD1CON                                       (abs)        000F9F
_Control_Byte                                   bssBANK1     0001CC
_DHCP_Handler                                   text91       00297C
_DHCP_Manage                                    text120      00536E
_DHCP_WriteZeros                                text147      00A8D8
_DHCP_init                                      text43       00AC66
_ENC28_BankSel                                  text157      009DB8
_ENC28_Bfc                                      text156      00A9E8
_ENC28_Bfs                                      text155      00A9C2
_ENC28_PhyRead                                  text151      00A082
_ENC28_PhyWrite                                 text42       00A348
_ENC28_Rcr16                                    text154      00A162
_ENC28_Rcr8                                     text153      00A900
_ENC28_Wcr16                                    text144      00A40E
_ENC28_Wcr8                                     text152      00A99C
_ETH_CheckLinkUp                                text150      00A806
_ETH_ComputeChecksum                            text112      00761A
_ETH_Copy                                       text109      006A88
_ETH_Dump                                       text110      009B94
_ETH_EventHandler                               text118      007996
_ETH_Flush                                      text115      009ED8
_ETH_GetByteCount                               text145      00AA32
_ETH_GetMAC                                     text45       009A8C
_ETH_GetReadPtr                                 text83       00AC76
_ETH_GetRxByteCount                             text82       00AD52
_ETH_Init                                       text34       0055A4
_ETH_Insert                                     text143      0098F2
_ETH_NewPacket                                  text135      005E20
_ETH_NextPacketUpdate                           text114      009626
_ETH_OpenSPI                                    text38       00AB80
_ETH_PacketListReset                            text37       00A030
_ETH_Read16                                     text108      00A74E
_ETH_Read32                                     text94       00A2C0
_ETH_Read8                                      text113      00AB98
_ETH_ReadBlock                                  text117      00997C
_ETH_RemovePacket                               text119      007FEE
_ETH_ResetByteCount                             text134      00ACA6
_ETH_RxComputeChecksum                          text111      009E1C
_ETH_SaveRDPT                                   text107      00AC96
_ETH_Send                                       text141      0081EC
_ETH_SendQueued                                 text142      0091CE
_ETH_SendSystemReset                            text36       00ACFC
_ETH_SetReadPtr                                 text90       00AC86
_ETH_SetRxByteCount                             text81       00AC44
_ETH_Shift_Tx_Packets                           text133      0057D6
_ETH_TxComputeChecksum                          text140      0063C2
_ETH_Write16                                    text129      00A976
_ETH_Write32                                    text128      00A5EE
_ETH_Write8                                     text148      00AAD8
_ETH_WriteBlock                                 text136      009F32
_ETH_WriteStart                                 text132      004E64
_ETH_WriteString                                text146      0097DC
_EUSART1_DefaultErrorHandler                    (abs)        000000
_EUSART1_DefaultFramingErrorHandler             (abs)        000000
_EUSART1_DefaultOverrunErrorHandler             (abs)        000000
_EUSART1_ErrorHandler                           nvBANK3      0003F6
_EUSART1_FramingErrorHandler                    nvBANK3      0003FA
_EUSART1_Initialize                             text47       00A38A
_EUSART1_OverrunErrorHandler                    nvBANK3      0003F8
_EUSART1_SetErrorHandler                        text50       00AD48
_EUSART1_SetFramingErrorHandler                 text49       00AD3E
_EUSART1_SetOverrunErrorHandler                 text48       00AD34
_EUSART1_Write                                  text76       00AB4C
_GIE                                            (abs)        007F97
_ICMP_EchoReply                                 text106      0070A4
_ICMP_PortUnreachable                           text88       007AAE
_ICMP_Receive                                   text105      007BC4
_INLVLA                                         (abs)        000F0D
_INLVLB                                         (abs)        000F15
_INLVLC                                         (abs)        000F1D
_INLVLE                                         (abs)        000F2A
_INTCONbits                                     (abs)        000FF2
_INTERRUPT_Initialize                           text46       00AD92
_INTERRUPT_InterruptManager                     intcode      000008
_IPV4_GetDatagramLength                         text87       00ABDE
_IPV4_Init                                      text32       00AD88
_IPV4_Packet                                    text61       0030B6
_IPV4_PseudoHeaderChecksum                      text104      00877A
_IPV4_Send                                      text139      009458
_IPv4_Start                                     text127      004BB6
_LATA                                           (abs)        000F83
_LATB                                           (abs)        000F84
_LATC                                           (abs)        000F85
_LATC1                                          (abs)        007C29
_LOG_Init                                       text31       009316
_MAC_getAddress                                 text35       00ACF0
_MAC_open                                       text40       00AD70
_Network_GetStartPosition                       text89       00AD5C
_Network_Init                                   text25       00A950
_Network_Manage                                 text57       008D0C
_Network_Read                                   text59       007216
_Network_SaveStartPosition                      text60       00ACD4
_Network_WaitForLink                            text30       00AB14
_ODCONA                                         (abs)        000F0F
_ODCONB                                         (abs)        000F17
_ODCONC                                         (abs)        000F1F
_OSCCON1                                        (abs)        000ED8
_OSCCON3                                        (abs)        000EDA
_OSCEN                                          (abs)        000EDC
_OSCFRQ                                         (abs)        000EDE
_OSCILLATOR_Initialize                          text24       00AC32
_OSCTUNE                                        (abs)        000EDD
_PIE0bits                                       (abs)        000EC2
_PIE4bits                                       (abs)        000EC6
_PIN_MANAGER_Initialize                         text23       009FDE
_PIR0bits                                       (abs)        000ECA
_PIR3bits                                       (abs)        000ECD
_PIR4bits                                       (abs)        000ECE
_PMD0                                           (abs)        000EE1
_PMD1                                           (abs)        000EE2
_PMD2                                           (abs)        000EE3
_PMD3                                           (abs)        000EE4
_PMD4                                           (abs)        000EE5
_PMD5                                           (abs)        000EE6
_PMD_Initialize                                 text22       00AC56
_RC1REG                                         (abs)        000F99
_RC1STA                                         (abs)        000F9D
_RC1STAbits                                     (abs)        000F9D
_RC3PPS                                         (abs)        000EFA
_RC5PPS                                         (abs)        000EFC
_RC6PPS                                         (abs)        000EFD
_RX1PPS                                         (abs)        000EB5
_ReadADCChannels                                text52       0094F6
_SLRCONA                                        (abs)        000F0E
_SLRCONB                                        (abs)        000F16
_SLRCONC                                        (abs)        000F1E
_SP1BRGH                                        (abs)        000F9C
_SP1BRGL                                        (abs)        000F9B
_SPI1_Close                                     (abs)        000000
_SPI1_ExchangeBlock                             (abs)        000000
_SPI1_ExchangeByte                              text158      00AAF6
_SPI1_Initialize                                text21       00AA0E
_SPI1_Open                                      text41       008B98
_SPI1_ReadBlock                                 (abs)        000000
_SPI1_ReadByte                                  (abs)        000000
_SPI1_WriteBlock                                (abs)        000000
_SPI1_WriteByte                                 (abs)        000000
_SSP1ADD                                        (abs)        000F93
_SSP1BUF                                        (abs)        000F92
_SSP1CLKPPS                                     (abs)        000EB7
_SSP1CON1                                       (abs)        000F96
_SSP1CON1bits                                   (abs)        000F96
_SSP1CON2                                       (abs)        000F97
_SSP1DATPPS                                     (abs)        000EB8
_SSP1STAT                                       (abs)        000F95
_SYSTEM_Initialize                              text17       00A85C
_T0CON0                                         (abs)        000FD5
_T0CON0bits                                     (abs)        000FD5
_T0CON1                                         (abs)        000FD6
_T1CLK                                          (abs)        000FD2
_T1CON                                          (abs)        000FCF
_T1CONbits                                      (abs)        000FCF
_T1GATE                                         (abs)        000FD1
_T1GCON                                         (abs)        000FD0
_T1GCONbits                                     (abs)        000FD0
_TCB_Check                                      text16       009082
_TCB_Insert                                     text7        009E7C
_TCB_Remove                                     text5        008860
_TCB_Reset                                      text103      0080EE
_TCP_Client                                     text3        004620
_TCP_Close                                      text15       008A18
_TCP_Connect                                    text13       0083D0
_TCP_FiniteStateMachine                         text97       0000DA
_TCP_FiniteStateMachine$3754                    cstackBANK1  000147
_TCP_FiniteStateMachine$3755                    cstackBANK1  000148
_TCP_FiniteStateMachine$3756                    cstackBANK1  000149
_TCP_FiniteStateMachine$3757                    cstackBANK1  00014A
_TCP_FiniteStateMachine$3758                    cstackBANK1  00014B
_TCP_FiniteStateMachine$3759                    cstackBANK1  00014C
_TCP_FiniteStateMachine$3761                    cstackBANK1  00014D
_TCP_FiniteStateMachine$3762                    cstackBANK1  00014E
_TCP_FiniteStateMachine$3763                    cstackBANK1  00014F
_TCP_FiniteStateMachine$3764                    cstackBANK1  000150
_TCP_FiniteStateMachine$3765                    cstackBANK1  000151
_TCP_FiniteStateMachine$3766                    cstackBANK1  000152
_TCP_FiniteStateMachine$3767                    cstackBANK1  000153
_TCP_GetReceivedData                            text12       008DC4
_TCP_GetRxLength                                text11       009B12
_TCP_Init                                       text29       00A8B0
_TCP_InsertRxBuffer                             text10       008FD8
_TCP_ParseTCPOptions                            text96       006590
_TCP_PayloadSave                                text101      006DA0
_TCP_Recv                                       text95       003C70
_TCP_Send                                       text9        00787A
_TCP_SendDone                                   text8        00A1AC
_TCP_Snd                                        text102      002222
_TCP_SocketInit                                 text6        007EEA
_TCP_SocketPoll                                 text14       00A580
_TCP_SocketRemove                               text4        00A832
_TCP_TimoutRetransmit                           text100      009C10
_TCP_Update                                     text58       0059FC
_TMR0H                                          (abs)        000FD4
_TMR0L                                          (abs)        000FD3
_TMR0_CallBack                                  text167      00A7D8
_TMR0_DefaultInterruptHandler                   text168      00AD9C
[...]
isPortUnreachable@port                          cstackBANK0  00006E
isa$std                                         (abs)        000001
isa$xinst                                       (abs)        000000
lfsrWithSeed@lfsrSeed                           cstackBANK0  00006E
lfsrWithSeed@lsb                                cstackBANK0  00006F
main@i                                          cstackBANK1  0001A7
makeIpv4AddresstoStr@addr                       cstackBANK0  0000C6
makeIpv4AddresstoStr@ip_str                     bssBANK3     00039D
memcmp@l                                        cstackBANK0  000076
memcmp@n                                        cstackBANK0  000072
memcmp@r                                        cstackBANK0  000078
memcmp@vl                                       cstackBANK0  00006E
memcmp@vr                                       cstackBANK0  000070
memcpy@d                                        cstackBANK0  000076
memcpy@d1                                       cstackBANK0  00006E
memcpy@n                                        cstackBANK0  000071
memcpy@s                                        cstackBANK0  000074
memcpy@s1                                       cstackBANK0  00006F
memcpy@tmp                                      cstackBANK0  000073
pad@buf                                         cstackBANK0  00007F
pad@fp                                          cstackBANK0  00007E
pad@i                                           cstackBANK0  000084
pad@p                                           cstackBANK0  000081
printf@ap                                       cstackBANK0  0000D2
printf@fmt                                      cstackBANK0  0000AE
putch@txData                                    cstackBANK0  00006F
read_prec_or_width@ap                           cstackBANK0  00006F
read_prec_or_width@c                            cstackBANK0  000072
read_prec_or_width@fmt                          cstackBANK0  00006E
read_prec_or_width@n                            cstackBANK0  000073
sendRequest@started                             cstackBANK0  0000E7
sendRequest@type                                cstackBANK0  0000E8
spi_master_open@config                          cstackBANK0  000072
sprintf@ap                                      cstackBANK0  0000BA
sprintf@f                                       cstackBANK0  0000BB
sprintf@fmt                                     cstackBANK0  0000B0
sprintf@s                                       cstackBANK0  0000AE
stackhi                                         (abs)        000000
stacklo                                         (abs)        000000
start                                           init         0000D6
start_initialization                            cinit        008692
stoa@cp                                         cstackBANK0  000081
stoa@fp                                         cstackBANK0  000078
stoa@l                                          cstackBANK0  000083
stoa@p                                          cstackBANK0  00007D
stoa@s                                          cstackBANK0  000079
stoa@w                                          cstackBANK0  00007F
strlen@a                                        cstackBANK0  000070
strlen@s                                        cstackBANK0  00006E
strtok@p                                        bssBANK2     00023E
time@gie_val                                    cstackBANK0  000072
time@t                                          cstackBANK0  00006E
time@the_time                                   cstackBANK0  000073
ttemp5                                          temp         000056
ttemp6                                          temp         000059
ttemp7                                          temp         00005D
udp_table_nextEntry@i                           cstackBANK0  00006E
utoa@d                                          cstackBANK0  000087
utoa@fp                                         cstackBANK0  000086
utoa@i                                          cstackBANK0  00008F
utoa@p                                          cstackBANK0  00008B
utoa@w                                          cstackBANK0  00008D
vfpfcnvrt@ap                                    cstackBANK0  00009C
vfpfcnvrt@c                                     cstackBANK0  0000A5
vfpfcnvrt@convarg                               cstackBANK0  0000A1
vfpfcnvrt@cp                                    cstackBANK0  0000A6
vfpfcnvrt@done                                  cstackBANK0  0000A0
vfpfcnvrt@fmt                                   cstackBANK0  00009B
vfpfcnvrt@fp                                    cstackBANK0  00009A
vfprintf@ap                                     cstackBANK0  0000AB
vfprintf@cfmt                                   cstackBANK0  0000AC
vfprintf@fmt                                    cstackBANK0  0000A9
vfprintf@fp                                     cstackBANK0  0000A8
wtemp8                                          temp         000056
xtoa@a                                          cstackBANK0  000090
xtoa@c                                          cstackBANK0  000097
xtoa@d                                          cstackBANK0  000087
xtoa@fp                                         cstackBANK0  000086
xtoa@i                                          cstackBANK0  000098
xtoa@p                                          cstackBANK0  000093
xtoa@w                                          cstackBANK0  000095
xtoa@x                                          cstackBANK0  00008B


MODULE INFORMATION

Module		Function		Class		Link	Load	Size
C:\Program Files\Microchip\xc8\v3.00\pic\sources\c99\common\abs.c
		_abs           		CODE           	A5B8	0000	54

C:\Program Files\Microchip\xc8\v3.00\pic\sources\c99\common\abs.c estimated size: 54

C:\Program Files\Microchip\xc8\v3.00\pic\sources\c99\common\nf_fputc.c
		_fputc         		CODE           	8ADC	0000	188

C:\Program Files\Microchip\xc8\v3.00\pic\sources\c99\common\nf_fputc.c estimated size: 188

mcc_generated_files/TCPIPLibrary/tcpv4.c
		_TCP_Close     		CODE           	8A18	0000	196
		_TCP_InsertRxBuffer		CODE           	8FD8	0000	170
		_TCP_FiniteStateMachine		CODE           	00DA	0000	6616
		_TCB_Check     		CODE           	9082	0000	166
		_TCP_ParseTCPOptions		CODE           	6590	0000	450
		_TCB_Remove    		CODE           	8860	0000	228
		_TCP_GetRxLength		CODE           	9B12	0000	130
		_TCB_Reset     		CODE           	80EE	0000	254
		_TCP_GetReceivedData		CODE           	8DC4	0000	178
		_TCP_Connect   		CODE           	83D0	0000	236
		_TCP_Init      		CODE           	A8B0	0000	40
		_TCP_Send      		CODE           	787A	0000	284
		_TCP_SocketRemove		CODE           	A832	0000	42
		_TCP_SendDone  		CODE           	A1AC	0000	72
		_TCP_TimoutRetransmit		CODE           	9C10	0000	108
		_TCP_SocketPoll		CODE           	A580	0000	56
		_TCP_SocketInit		CODE           	7EEA	0000	260
		_TCP_Snd       		CODE           	2222	0000	1882
		_TCB_Insert    		CODE           	9E7C	0000	92
		_TCP_PayloadSave		CODE           	6DA0	0000	386
		_TCP_Recv      		CODE           	3C70	0000	1242
		_TCP_Update    		CODE           	59FC	0000	546

mcc_generated_files/TCPIPLibrary/tcpv4.c estimated size: 13634

mcc_generated_files/TCPIPLibrary/udpv4.c
		_UDP_Receive   		CODE           	5C1E	0000	514
		_UDP_Send      		CODE           	82E2	0000	238
		_UDP_Start     		CODE           	9C7C	0000	108

mcc_generated_files/TCPIPLibrary/udpv4.c estimated size: 860

C:\Program Files\Microchip\xc8\v3.00\pic\sources\c99\common\memcmp.c
		_memcmp        		CODE           	8944	0000	212

C:\Program Files\Microchip\xc8\v3.00\pic\sources\c99\common\memcmp.c estimated size: 212

C:\Program Files\Microchip\xc8\v3.00\pic\sources\c99\common\memcpy.c
		_memcpy        		CODE           	A118	0000	74

C:\Program Files\Microchip\xc8\v3.00\pic\sources\c99\common\memcpy.c estimated size: 74

mcc_generated_files/TCPIPLibrary/udpv4_port_handler_table.c
		_udp_table_nextEntry		CODE           	A490	0000	62
		_udp_table_getIterator		CODE           	AD08	0000	12

mcc_generated_files/TCPIPLibrary/udpv4_port_handler_table.c estimated size: 74

mcc_generated_files/interrupt_manager.c
		_INTERRUPT_Initialize		CODE           	AD92	0000	4
		_INTERRUPT_InterruptManager		CODE           	0008	0000	206

mcc_generated_files/interrupt_manager.c estimated size: 210

mcc_generated_files/TCPIPLibrary/ENC28J60.c
		_ETH_SendSystemReset		CODE           	ACFC	0000	12
		_ETH_NewPacket 		CODE           	5E20	0000	488
		_ETH_ComputeChecksum		CODE           	761A	0000	316
		_ENC28_PhyRead 		CODE           	A082	0000	76
		_ETH_CheckLinkUp		CODE           	A806	0000	44
		_ENC28_PhyWrite		CODE           	A348	0000	66
		_ETH_Write8    		CODE           	AAD8	0000	30
		_ETH_Write32   		CODE           	A5EE	0000	54
		_ETH_Write16   		CODE           	A976	0000	38
		_ENC28_Bfc     		CODE           	A9E8	0000	38
		_ENC28_Bfs     		CODE           	A9C2	0000	38
		_ETH_Shift_Tx_Packets		CODE           	57D6	0000	550
		_ENC28_Rcr8    		CODE           	A900	0000	40
		_ETH_Insert    		CODE           	98F2	0000	138
		_ENC28_Rcr16   		CODE           	A162	0000	74
		_ETH_Read8     		CODE           	AB98	0000	24
		_ETH_Read32    		CODE           	A2C0	0000	68
		_ETH_Read16    		CODE           	A74E	0000	46
		_ETH_GetRxByteCount		CODE           	AD52	0000	10
		_ETH_OpenSPI   		CODE           	AB80	0000	24
		_ETH_Init      		CODE           	55A4	0000	562
		_ENC28_BankSel 		CODE           	9DB8	0000	100
		_ETH_RxComputeChecksum		CODE           	9E1C	0000	96
		_ETH_SetRxByteCount		CODE           	AC44	0000	18
		_ETH_NextPacketUpdate		CODE           	9626	0000	148
		_ETH_Flush     		CODE           	9ED8	0000	90
		_ETH_PacketListReset		CODE           	A030	0000	82
		_ETH_WriteBlock		CODE           	9F32	0000	88
		_ETH_Send      		CODE           	81EC	0000	246
		_ETH_WriteStart		CODE           	4E64	0000	676
		_ETH_ReadBlock 		CODE           	997C	0000	136
		_ETH_Copy      		CODE           	6A88	0000	400
		_ETH_GetMAC    		CODE           	9A8C	0000	134
		_ETH_ResetByteCount		CODE           	ACA6	0000	16
		_ETH_SaveRDPT  		CODE           	AC96	0000	16
		_ETH_Dump      		CODE           	9B94	0000	124
		_ENC28_Wcr8    		CODE           	A99C	0000	38
		_ETH_GetByteCount		CODE           	AA32	0000	36
		_ETH_SendQueued		CODE           	91CE	0000	164
		_ENC28_Wcr16   		CODE           	A40E	0000	66
		_ETH_WriteString		CODE           	97DC	0000	140
		_ETH_TxComputeChecksum		CODE           	63C2	0000	462
		_ETH_RemovePacket		CODE           	7FEE	0000	256
		_ETH_GetReadPtr		CODE           	AC76	0000	16
		_ETH_EventHandler		CODE           	7996	0000	280
		_ETH_SetReadPtr		CODE           	AC86	0000	16

mcc_generated_files/TCPIPLibrary/ENC28J60.c estimated size: 6580

mcc_generated_files/tmr0.c
		_TMR0_SetInterruptHandler		CODE           	AD20	0000	10
		_TMR0_DefaultInterruptHandler		CODE           	AD9C	0000	2
		_TMR0_CallBack 		CODE           	A7D8	0000	46
		_TMR0_StartTimer		CODE           	AD8E	0000	4
		_TMR0_ISR      		CODE           	A6F0	0000	48
		_TMR0_Initialize		CODE           	AA56	0000	34

mcc_generated_files/tmr0.c estimated size: 144

C:\Program Files\Microchip\xc8\v3.00\pic\sources\c99\common\nf_sprintf.c
		_sprintf       		CODE           	A238	0000	68

C:\Program Files\Microchip\xc8\v3.00\pic\sources\c99\common\nf_sprintf.c estimated size: 68

mcc_generated_files/pin_manager.c
		_PIN_MANAGER_Initialize		CODE           	9FDE	0000	82

mcc_generated_files/pin_manager.c estimated size: 82

mcc_generated_files/TCPIPLibrary/ip_database.c
		_ipdb_init     		CODE           	93B8	0000	160
		_makeIpv4AddresstoStr		CODE           	A546	0000	58

mcc_generated_files/TCPIPLibrary/ip_database.c estimated size: 218

mcc_generated_files/TCPIPLibrary/icmp.c
		_ICMP_PortUnreachable		CODE           	7AAE	0000	278
		_resetPortUnreachable		CODE           	AD14	0000	12
		_ICMP_Receive  		CODE           	7BC4	0000	272
		_isPortUnreachable		CODE           	A886	0000	42
		_ICMP_EchoReply		CODE           	70A4	0000	370

mcc_generated_files/TCPIPLibrary/icmp.c estimated size: 974

mcc_generated_files/TCPIPLibrary/log.c
		_LOG_Init      		CODE           	9316	0000	162

mcc_generated_files/TCPIPLibrary/log.c estimated size: 162

mcc_generated_files/spi1.c
		_SPI1_Open     		CODE           	8B98	0000	186
		_SPI1_Initialize		CODE           	AA0E	0000	36
		_SPI1_ExchangeByte		CODE           	AAF6	0000	30

mcc_generated_files/spi1.c estimated size: 252

mcc_generated_files/TCPIPLibrary/network.c
		_Network_GetStartPosition		CODE           	AD5C	0000	10
		_Network_SaveStartPosition		CODE           	ACD4	0000	14
		_Network_Read  		CODE           	7216	0000	352
		_Network_Init  		CODE           	A950	0000	38
		_Network_WaitForLink		CODE           	AB14	0000	28
		_timersInit    		CODE           	AABA	0000	30
		_Network_Manage		CODE           	8D0C	0000	184

mcc_generated_files/TCPIPLibrary/network.c estimated size: 656

C:\Program Files\Microchip\xc8\v3.00\pic\sources\c99\common\printf.c
		_printf        		CODE           	AB30	0000	28

C:\Program Files\Microchip\xc8\v3.00\pic\sources\c99\common\printf.c estimated size: 28

mcc_generated_files/TCPIPLibrary/arpv4.c
		_ARPV4_Packet  		CODE           	1AB2	0000	1904
		_ARPV4_Init    		CODE           	A68E	0000	50
		_ARPV4_Lookup  		CODE           	9CE8	0000	108
		_ARPV4_Update  		CODE           	A624	0000	54
		_ARPV4_Request 		CODE           	48EC	0000	714

mcc_generated_files/TCPIPLibrary/arpv4.c estimated size: 2830

mcc_generated_files/TCPIPLibrary/mac_address.c
		_MAC_getAddress		CODE           	ACF0	0000	12

mcc_generated_files/TCPIPLibrary/mac_address.c estimated size: 12

mcc_generated_files/TCPIPLibrary/ipv4.c
		_IPV4_Send     		CODE           	9458	0000	158
		_getHeaderLen  		CODE           	A3CC	0000	66
		_IPV4_Packet   		CODE           	30B6	0000	1746
		_IPV4_GetDatagramLength		CODE           	ABDE	0000	22
		_IPV4_PseudoHeaderChecksum		CODE           	877A	0000	230
		_IPv4_Start    		CODE           	4BB6	0000	686
		_IPV4_Init     		CODE           	AD88	0000	6

mcc_generated_files/TCPIPLibrary/ipv4.c estimated size: 2914

C:\Program Files\Microchip\xc8\v3.00\pic\sources\c99\common\llmod.c
		___llmod       		CODE           	9868	0000	138

C:\Program Files\Microchip\xc8\v3.00\pic\sources\c99\common\llmod.c estimated size: 138

C:\Program Files\Microchip\xc8\v3.00\pic\sources\c99\common\almod.c
		___almod       		CODE           	84BC	0000	236

C:\Program Files\Microchip\xc8\v3.00\pic\sources\c99\common\almod.c estimated size: 236

mcc_generated_files/TCPIPLibrary/rtcc.c
		_rtcc_handler  		CODE           	ACB6	0000	16
		_rtcc_init     		CODE           	AA78	0000	34
		_time          		CODE           	9D54	0000	100

mcc_generated_files/TCPIPLibrary/rtcc.c estimated size: 150

C:\Program Files\Microchip\xc8\v3.00\pic\sources\c99\common\__lldiv.c
		___lldiv       		CODE           	9128	0000	166

C:\Program Files\Microchip\xc8\v3.00\pic\sources\c99\common\__lldiv.c estimated size: 166

mcc_generated_files/drivers/spi_master.c
		_spi_master_open		CODE           	A50A	0000	60
		_MAC_open      		CODE           	AD70	0000	8

mcc_generated_files/drivers/spi_master.c estimated size: 68

shared
		i2_printf      		CODE           	AB66	0000	26
		_dhcpName      		MEDIUMCONST    	FD99	0000	18
		i2_vfpfcnvrt   		CODE           	414A	0000	1238
		i2_pad         		CODE           	96BA	0000	146
		i2_abs         		CODE           	A65A	0000	52
		i2_stoa        		CODE           	68F6	0000	402
		i2_read_prec_or_width		CODE           	8F28	0000	176
		i2_putch       		CODE           	AD66	0000	10
		i2_utoa        		CODE           	74CC	0000	334
		i2_vfprintf    		CODE           	A304	0000	68
		i2_xtoa        		CODE           	6F22	0000	386
		___secs_to_tm@days_in_month		MEDIUMCONST    	FD85	0000	12
		_UDP_CallBackTable		MEDIUMCONST    	FDB1	0000	4
		i2_dtoa        		CODE           	61E8	0000	474
		i2___lldiv     		CODE           	9272	0000	164
		__initialization		CODE           	8692	0000	222
		i2_EUSART1_Write		CODE           	ABB0	0000	24
		_xorSequences  		MEDIUMCONST    	FD73	0000	18
		i2___aldiv     		CODE           	7DE0	0000	266
		i2___llmod     		CODE           	9A04	0000	136
		_broadcastMAC  		MEDIUMCONST    	FDAB	0000	6
		_severityThresholdTable		MEDIUMCONST    	FD2F	0000	48
		i2___almod     		CODE           	85A8	0000	234
		i2_fputc       		CODE           	8C52	0000	186
		i2_fputs       		CODE           	A450	0000	64
		_spiMaster     		MEDIUMCONST    	FD5F	0000	20
		_spi1_configuration		MEDIUMCONST    	FD91	0000	8

shared estimated size: 4742

mcc_generated_files/eusart1.c
		_EUSART1_Initialize		CODE           	A38A	0000	66
		_putch         		CODE           	ACE2	0000	14
		_EUSART1_SetFramingErrorHandler		CODE           	AD3E	0000	10
		_EUSART1_SetOverrunErrorHandler		CODE           	AD34	0000	10
		_EUSART1_SetErrorHandler		CODE           	AD48	0000	10
		_EUSART1_Write 		CODE           	AB4C	0000	26

mcc_generated_files/eusart1.c estimated size: 136

C:\Program Files\Microchip\xc8\v3.00\pic\sources\c99\common\nf_fputs.c
		_fputs         		CODE           	A27C	0000	68

C:\Program Files\Microchip\xc8\v3.00\pic\sources\c99\common\nf_fputs.c estimated size: 68

mcc_generated_files/mcc.c
		_PMD_Initialize		CODE           	AC56	0000	16
		_OSCILLATOR_Initialize		CODE           	AC32	0000	18
		_SYSTEM_Initialize		CODE           	A85C	0000	42

mcc_generated_files/mcc.c estimated size: 76

mcc_generated_files/TCPIPLibrary/dhcp_client.c
		_DHCP_Handler  		CODE           	297C	0000	1850
		_sendDHCPDISCOVER		CODE           	974C	0000	144
		_DHCP_init     		CODE           	AC66	0000	16
		_DHCP_WriteZeros		CODE           	A8D8	0000	40
		_sendRequest   		CODE           	5108	0000	614
		_DHCP_Manage   		CODE           	536E	0000	566
		_sendDHCPDECLINE		CODE           	AD78	0000	8
		_sendDHCPREQUEST		CODE           	AD80	0000	8

mcc_generated_files/TCPIPLibrary/dhcp_client.c estimated size: 3246

C:\Program Files\Microchip\xc8\v3.00\pic\sources\c99\common\strlen.c
		_strlen        		CODE           	9F8A	0000	84

C:\Program Files\Microchip\xc8\v3.00\pic\sources\c99\common\strlen.c estimated size: 84

mcc_generated_files/tmr1.c
		_TMR1_Initialize		CODE           	A1F4	0000	68
		_TMR1_SetInterruptHandler		CODE           	AD2A	0000	10
		_TMR1_DefaultInterruptHandler		CODE           	AD9A	0000	2
		_TMR1_CallBack 		CODE           	A7AA	0000	46
		_TMR1_WriteTimer		CODE           	A928	0000	40
		_TMR1_ISR      		CODE           	ABF4	0000	22

mcc_generated_files/tmr1.c estimated size: 188

mcc_generated_files/TCPIPLibrary/lfsr.c
		_lfsrWithSeed  		CODE           	A77C	0000	46

mcc_generated_files/TCPIPLibrary/lfsr.c estimated size: 46

mcc_generated_files/adcc.c
		_ADCC_GetConversionResult		CODE           	ABC8	0000	22
		_ADCC_StartConversion		CODE           	ACC6	0000	14
		_ADCC_Initialize		CODE           	A720	0000	46
		_ADCC_IsConversionDone		CODE           	AC0A	0000	20

mcc_generated_files/adcc.c estimated size: 102

main.c
		_ReadADCChannels		CODE           	94F6	0000	154
		_main          		CODE           	7756	0000	292
		_TCP_Client    		CODE           	4620	0000	716
		_my_tmr0_callback		CODE           	AC1E	0000	20

main.c estimated size: 1182

C:\Program Files\Microchip\xc8\v3.00\pic\sources\c99\common\aldiv.c
		___aldiv       		CODE           	7CD4	0000	268

C:\Program Files\Microchip\xc8\v3.00\pic\sources\c99\common\aldiv.c estimated size: 268

C:\Program Files\Microchip\xc8\v3.00\pic\sources\c99\common\doprnt.c
		_read_prec_or_width		CODE           	8E76	0000	178
		_vfpfcnvrt     		CODE           	3788	0000	1256
		_pad           		CODE           	9590	0000	150
		_dtoa          		CODE           	6008	0000	480
		_vfprintf      		CODE           	A0CE	0000	74
		_stoa          		CODE           	6752	0000	420
		_utoa          		CODE           	7376	0000	342
		_xtoa          		CODE           	6C18	0000	392

C:\Program Files\Microchip\xc8\v3.00\pic\sources\c99\common\doprnt.c estimated size: 3292

